Component: ARM Compiler 5.05 update 1 (build 106) Tool: armlink [4d0efa]

==============================================================================

Section Cross References

    app.o(i.ble_device_on_disconnect) refers to app.o(i.func_off) for func_off
    app.o(i.ble_device_on_disconnect) refers to bluenrg_sdk_api.o(i.ble_device_start_advertising) for ble_device_start_advertising
    app.o(i.ble_device_on_disconnect) refers to bluenrg_sdk_api.o(.data) for Ble_conn_state
    app.o(i.ble_device_on_message) refers to app.o(i.func_off) for func_off
    app.o(i.ble_device_on_message) refers to app.o(i.func_com) for func_com
    app.o(i.ble_device_on_message) refers to app.o(i.func_alt) for func_alt
    app.o(i.ble_device_on_message) refers to app.o(i.func_htm) for func_htm
    app.o(i.ble_device_on_message) refers to app.o(i.func_cube) for func_cube
    app.o(i.ble_device_on_message) refers to app.o(i.func_dfu) for func_dfu
    app.o(i.ble_device_on_message) refers to app.o(.data) for g_func_com_en
    app.o(i.func_alt) refers to juma_sensor.o(i.jsensor_app_read_sensor) for jsensor_app_read_sensor
    app.o(i.func_alt) refers to bluenrg_sdk_api.o(i.ble_device_send) for ble_device_send
    app.o(i.func_alt) refers to dispatch.o(i.current_time) for current_time
    app.o(i.func_alt) refers to dispatch.o(i.run_at_time) for run_at_time
    app.o(i.func_alt) refers to app.o(.data) for g_func_alt_en
    app.o(i.func_com) refers to juma_sensor.o(i.jsensor_app_read_sensor) for jsensor_app_read_sensor
    app.o(i.func_com) refers to bluenrg_sdk_api.o(i.ble_device_send) for ble_device_send
    app.o(i.func_com) refers to dispatch.o(i.current_time) for current_time
    app.o(i.func_com) refers to dispatch.o(i.run_at_time) for run_at_time
    app.o(i.func_com) refers to app.o(.data) for g_func_com_en
    app.o(i.func_cube) refers to juma_sensor.o(i.jsensor_app_read_sensor) for jsensor_app_read_sensor
    app.o(i.func_cube) refers to bluenrg_sdk_api.o(i.ble_device_send) for ble_device_send
    app.o(i.func_cube) refers to dispatch.o(i.current_time) for current_time
    app.o(i.func_cube) refers to dispatch.o(i.run_at_time) for run_at_time
    app.o(i.func_cube) refers to app.o(.data) for g_func_cub_en
    app.o(i.func_htm) refers to juma_sensor.o(i.jsensor_app_read_sensor) for jsensor_app_read_sensor
    app.o(i.func_htm) refers to bluenrg_sdk_api.o(i.ble_device_send) for ble_device_send
    app.o(i.func_htm) refers to dispatch.o(i.current_time) for current_time
    app.o(i.func_htm) refers to dispatch.o(i.run_at_time) for run_at_time
    app.o(i.func_htm) refers to app.o(.data) for g_func_htm_en
    app.o(i.func_off) refers to app.o(.data) for g_func_com_en
    app.o(i.jsensor_app_setSensors) refers to juma_sensor.o(i.jsensor_app_setSensor) for jsensor_app_setSensor
    app.o(i.on_ready) refers to bluenrg_sdk_api.o(i.ble_set_adv_param) for ble_set_adv_param
    app.o(i.on_ready) refers to bluenrg_sdk_api.o(i.ble_device_start_advertising) for ble_device_start_advertising
    app.o(i.on_ready) refers to app.o(.data) for adv_interval
    main.o(i.Error_Handler) refers to stm32f4xx_cannon_v2.o(i.BSP_LED_Toggle) for BSP_LED_Toggle
    main.o(i.Error_Handler) refers to stm32f4xx_hal.o(i.HAL_Delay) for HAL_Delay
    main.o(i.HAL_RTCEx_WakeUpTimerEventCallback) refers to main.o(.data) for uwCounter
    main.o(i.HAL_RTC_AlarmAEventCallback) refers to stm32f4xx_cannon_v2.o(i.BSP_LED_On) for BSP_LED_On
    main.o(i.main) refers to stm32f4xx_hal.o(i.HAL_Init) for HAL_Init
    main.o(i.main) refers to cube_hal_f4.o(i.SystemClock_Config) for SystemClock_Config
    main.o(i.main) refers to stm32f4xx_cannon_v2.o(i.BSP_LED_Init) for BSP_LED_Init
    main.o(i.main) refers to stm32f4xx_hal_msp.o(i.UART_Init) for UART_Init
    main.o(i.main) refers to stm32f4xx_hal.o(i.HAL_Delay) for HAL_Delay
    main.o(i.main) refers to juma_sensor.o(i.jsensor_sys_init) for jsensor_sys_init
    main.o(i.main) refers to stm32_bluenrg_ble.o(i.BNRG_SPI_Init) for BNRG_SPI_Init
    main.o(i.main) refers to hci.o(i.HCI_Init) for HCI_Init
    main.o(i.main) refers to stm32_bluenrg_ble.o(i.BlueNRG_RST) for BlueNRG_RST
    main.o(i.main) refers to stm32f401_lp_mode.o(i.rtc_init) for rtc_init
    main.o(i.main) refers to dispatch.o(i.dispatch_init) for dispatch_init
    main.o(i.main) refers to app.o(i.on_ready) for on_ready
    main.o(i.main) refers to hci.o(i.HCI_Process) for HCI_Process
    main.o(i.main) refers to dispatch.o(i.dispatch) for dispatch
    main.o(i.main) refers to stm32f401_lp_mode.o(i.StopMode_Measure) for StopMode_Measure
    main.o(i.main) refers to bluenrg_sdk_api.o(.data) for Ble_conn_state
    main.o(i.main) refers to main.o(.data) for sleep_flag
    main.o(i.send_acc_data) refers to stm32f4xx_cannon_v2.o(i.BSP_LED_Off) for BSP_LED_Off
    main.o(i.send_acc_data) refers to dispatch.o(i.current_time) for current_time
[...]
    move_list                                0x08007c45   Thumb Code    36  hci.o(i.move_list)
    i.on_ready                               0x08007c68   Section        0  app.o(i.on_ready)
    i.pressure_sensor_init                   0x08007ca0   Section        0  juma_sensor.o(i.pressure_sensor_init)
    pressure_sensor_init                     0x08007ca1   Thumb Code    28  juma_sensor.o(i.pressure_sensor_init)
    i.read_6_Axis_data                       0x08007cbc   Section        0  juma_sensor.o(i.read_6_Axis_data)
    read_6_Axis_data                         0x08007cbd   Thumb Code   144  juma_sensor.o(i.read_6_Axis_data)
    i.read_pressure                          0x08007d4c   Section        0  juma_sensor.o(i.read_pressure)
    read_pressure                            0x08007d4d   Thumb Code    68  juma_sensor.o(i.read_pressure)
    i.read_raw_magnetometer_data             0x08007d98   Section        0  juma_sensor.o(i.read_raw_magnetometer_data)
    read_raw_magnetometer_data               0x08007d99   Thumb Code    78  juma_sensor.o(i.read_raw_magnetometer_data)
    i.read_temp_hum                          0x08007de8   Section        0  juma_sensor.o(i.read_temp_hum)
    read_temp_hum                            0x08007de9   Thumb Code   114  juma_sensor.o(i.read_temp_hum)
    i.reset_rtc                              0x08007e64   Section        0  dispatch.o(i.reset_rtc)
    reset_rtc                                0x08007e65   Thumb Code    72  dispatch.o(i.reset_rtc)
    i.rtc_init                               0x08007eb4   Section        0  stm32f401_lp_mode.o(i.rtc_init)
    i.rtc_wake_up_timer_config               0x08007eec   Section        0  stm32f401_lp_mode.o(i.rtc_wake_up_timer_config)
    i.run_at_time                            0x08007f38   Section        0  dispatch.o(i.run_at_time)
    i.set_irq_as_input                       0x08007fbc   Section        0  stm32_bluenrg_ble.o(i.set_irq_as_input)
    i.set_irq_as_output                      0x08007ff4   Section        0  stm32_bluenrg_ble.o(i.set_irq_as_output)
    i.set_timer                              0x08008024   Section        0  dispatch.o(i.set_timer)
    set_timer                                0x08008025   Thumb Code    12  dispatch.o(i.set_timer)
    i.sleep_flag_set                         0x08008030   Section        0  main.o(i.sleep_flag_set)
    i.sqrt                                   0x0800803c   Section        0  sqrt.o(i.sqrt)
    i.us150Delay                             0x080080aa   Section        0  stm32_bluenrg_ble.o(i.us150Delay)
    us150Delay                               0x080080ab   Thumb Code    28  stm32_bluenrg_ble.o(i.us150Delay)
    .constdata                               0x080080c8   Section        4  clock.o(.constdata)
    .constdata                               0x080080cc   Section       16  stm32f4xx_hal_rcc.o(.constdata)
    .constdata                               0x080080dc   Section        5  stm32f4xx_cannon_v2.o(.constdata)
    .constdata                               0x080080e8   Section      136  pow.o(.constdata)
    bp                                       0x080080e8   Data          16  pow.o(.constdata)
    dp_h                                     0x080080f8   Data          16  pow.o(.constdata)
    dp_l                                     0x08008108   Data          16  pow.o(.constdata)
    L                                        0x08008118   Data          48  pow.o(.constdata)
    P                                        0x08008148   Data          40  pow.o(.constdata)
    .constdata                               0x08008170   Section        8  qnan.o(.constdata)
    .conststring                             0x08008178   Section       77  stm32f4xx_hal_msp.o(.conststring)
    .data                                    0x20000000   Section       15  app.o(.data)
    .data                                    0x20000010   Section       12  main.o(.data)
    .data                                    0x2000001c   Section       49  bluenrg_sdk_api.o(.data)
    connection_handle                        0x20000024   Data           2  bluenrg_sdk_api.o(.data)
    notification_enabled                     0x20000026   Data           2  bluenrg_sdk_api.o(.data)
    AdvNameLen                               0x2000004c   Data           1  bluenrg_sdk_api.o(.data)
    .data                                    0x20000050   Section       24  dispatch.o(.data)
    freeq                                    0x20000050   Data           8  dispatch.o(.data)
    timerq                                   0x20000058   Data           8  dispatch.o(.data)
    mainq                                    0x20000060   Data           8  dispatch.o(.data)
    .data                                    0x20000068   Section        5  stm32xx_it.o(.data)
    .data                                    0x20000070   Section       80  hts221.o(.data)
    .data                                    0x200000c0   Section       61  lps25h.o(.data)
    .data                                    0x20000100   Section       61  lps25hb.o(.data)
    .data                                    0x20000140   Section       88  lsm6ds3.o(.data)
    .data                                    0x20000198   Section        4  stm32f4xx_hal.o(.data)
    uwTick                                   0x20000198   Data           4  stm32f4xx_hal.o(.data)
    .data                                    0x2000019c   Section       19  hci.o(.data)
    readPacketListFull                       0x200001ac   Data           1  hci.o(.data)
    hci_timer_id                             0x200001ad   Data           1  hci.o(.data)
    hci_timeout                              0x200001ae   Data           1  hci.o(.data)
    .data                                    0x200001b0   Section        5  x_nucleo_iks01a1_hum_temp.o(.data)
    Hum_tempDrv                              0x200001b0   Data           4  x_nucleo_iks01a1_hum_temp.o(.data)
    HumTempInitialized                       0x200001b4   Data           1  x_nucleo_iks01a1_hum_temp.o(.data)
    .data                                    0x200001b8   Section        6  x_nucleo_iks01a1_imu_6axes.o(.data)
    Imu6AxesDrv                              0x200001b8   Data           4  x_nucleo_iks01a1_imu_6axes.o(.data)
    Imu6AxesInitialized                      0x200001bc   Data           1  x_nucleo_iks01a1_imu_6axes.o(.data)
    imu_6axes_sensor_type                    0x200001bd   Data           1  x_nucleo_iks01a1_imu_6axes.o(.data)
    .data                                    0x200001c0   Section        6  x_nucleo_iks01a1_pressure.o(.data)
    PressureDrv                              0x200001c0   Data           4  x_nucleo_iks01a1_pressure.o(.data)
    PressureInitialized                      0x200001c4   Data           1  x_nucleo_iks01a1_pressure.o(.data)
    pressure_sensor_type                     0x200001c5   Data           1  x_nucleo_iks01a1_pressure.o(.data)
    .data                                    0x200001c8   Section        8  x_nucleo_iks01a1.o(.data)
    .data                                    0x200001d0   Section       12  stm32f4xx_cannon_v2.o(.data)
    .data                                    0x200001dc   Section       20  system_stm32f4xx.o(.data)
    .data                                    0x200001f0   Section        4  stdout.o(.data)
    .data                                    0x200001f4   Section        4  errno.o(.data)
    _errno                                   0x200001f4   Data           4  errno.o(.data)
    .bss                                     0x200001f8   Section       20  bluenrg_sdk_api.o(.bss)
    .bss                                     0x2000020c   Section      512  dispatch.o(.bss)
    op_pool                                  0x2000020c   Data         512  dispatch.o(.bss)
    .bss                                     0x2000040c   Section       32  stm32f401_lp_mode.o(.bss)
    .bss                                     0x2000042c   Section       88  stm32_bluenrg_ble.o(.bss)
    .bss                                     0x20000484   Section      700  hci.o(.bss)
    hciReadPacketBuffer                      0x20000484   Data         700  hci.o(.bss)
    .bss                                     0x20000740   Section       64  stm32f4xx_hal_msp.o(.bss)
    .bss                                     0x20000780   Section      148  x_nucleo_iks01a1.o(.bss)
    I2C_EXPBD_Handle                         0x20000780   Data          60  x_nucleo_iks01a1.o(.bss)
    Lsm6ds3_hnucleo_Spi                      0x200007bc   Data          88  x_nucleo_iks01a1.o(.bss)
    STACK                                    0x20000818   Section     1024  startup_stm32f401xe.o(STACK)

    Global Symbols

    Symbol Name                              Value     Ov Type        Size  Object(Section)

    BuildAttributes$$THM_ISAv4$E$P$D$K$B$S$7EM$VFPi3$EXTD16$VFPS$VFMA$PE$A:L22UL41UL21$X:L11$S22US41US21$IEEE1$IW$USESV6$~STKCKD$USESV7$~SHL$OTIME$ROPI$IEEEX$EBA8$MICROLIB$REQ8$PRES8$EABIv2 0x00000000   Number         0  anon$$obj.o ABSOLUTE
    __ARM_use_no_argv                        0x00000000   Number         0  main.o ABSOLUTE
    __cpp_initialize__aeabi_                  - Undefined Weak Reference
    __cxa_finalize                            - Undefined Weak Reference
    _clock_init                               - Undefined Weak Reference
    _microlib_exit                            - Undefined Weak Reference
    __Vectors_Size                           0x00000194   Number         0  startup_stm32f401xe.o ABSOLUTE
    __Vectors                                0x08000000   Data           4  startup_stm32f401xe.o(RESET)
    __Vectors_End                            0x08000194   Data           0  startup_stm32f401xe.o(RESET)
    __main                                   0x08000195   Thumb Code     0  entry.o(.ARM.Collect$$$$00000000)
    _main_stk                                0x08000195   Thumb Code     0  entry2.o(.ARM.Collect$$$$00000001)
    _main_scatterload                        0x08000199   Thumb Code     0  entry5.o(.ARM.Collect$$$$00000004)
    __main_after_scatterload                 0x0800019d   Thumb Code     0  entry5.o(.ARM.Collect$$$$00000004)
    _main_clock                              0x0800019d   Thumb Code     0  entry7b.o(.ARM.Collect$$$$00000008)
    _main_cpp_init                           0x0800019d   Thumb Code     0  entry8b.o(.ARM.Collect$$$$0000000A)
    _main_init                               0x0800019d   Thumb Code     0  entry9a.o(.ARM.Collect$$$$0000000B)
    __rt_final_cpp                           0x080001a5   Thumb Code     0  entry10a.o(.ARM.Collect$$$$0000000D)
    __rt_final_exit                          0x080001a5   Thumb Code     0  entry11a.o(.ARM.Collect$$$$0000000F)
    Reset_Handler                            0x080001a9   Thumb Code     8  startup_stm32f401xe.o(.text)
    MemManage_Handler                        0x080001b5   Thumb Code     2  startup_stm32f401xe.o(.text)
    BusFault_Handler                         0x080001b7   Thumb Code     2  startup_stm32f401xe.o(.text)
    UsageFault_Handler                       0x080001b9   Thumb Code     2  startup_stm32f401xe.o(.text)
    ADC_IRQHandler                           0x080001c3   Thumb Code     0  startup_stm32f401xe.o(.text)
    DMA1_Stream0_IRQHandler                  0x080001c3   Thumb Code     0  startup_stm32f401xe.o(.text)
    DMA1_Stream1_IRQHandler                  0x080001c3   Thumb Code     0  startup_stm32f401xe.o(.text)
    DMA1_Stream2_IRQHandler                  0x080001c3   Thumb Code     0  startup_stm32f401xe.o(.text)
    DMA1_Stream3_IRQHandler                  0x080001c3   Thumb Code     0  startup_stm32f401xe.o(.text)
    DMA1_Stream4_IRQHandler                  0x080001c3   Thumb Code     0  startup_stm32f401xe.o(.text)
    DMA1_Stream5_IRQHandler                  0x080001c3   Thumb Code     0  startup_stm32f401xe.o(.text)
    DMA1_Stream6_IRQHandler                  0x080001c3   Thumb Code     0  startup_stm32f401xe.o(.text)
    DMA1_Stream7_IRQHandler                  0x080001c3   Thumb Code     0  startup_stm32f401xe.o(.text)
    DMA2_Stream0_IRQHandler                  0x080001c3   Thumb Code     0  startup_stm32f401xe.o(.text)
    DMA2_Stream1_IRQHandler                  0x080001c3   Thumb Code     0  startup_stm32f401xe.o(.text)
    DMA2_Stream2_IRQHandler                  0x080001c3   Thumb Code     0  startup_stm32f401xe.o(.text)
    DMA2_Stream3_IRQHandler                  0x080001c3   Thumb Code     0  startup_stm32f401xe.o(.text)
    DMA2_Stream4_IRQHandler                  0x080001c3   Thumb Code     0  startup_stm32f401xe.o(.text)
    DMA2_Stream5_IRQHandler                  0x080001c3   Thumb Code     0  startup_stm32f401xe.o(.text)
    DMA2_Stream6_IRQHandler                  0x080001c3   Thumb Code     0  startup_stm32f401xe.o(.text)
    DMA2_Stream7_IRQHandler                  0x080001c3   Thumb Code     0  startup_stm32f401xe.o(.text)
    EXTI0_IRQHandler                         0x080001c3   Thumb Code     0  startup_stm32f401xe.o(.text)
    EXTI1_IRQHandler                         0x080001c3   Thumb Code     0  startup_stm32f401xe.o(.text)
    EXTI2_IRQHandler                         0x080001c3   Thumb Code     0  startup_stm32f401xe.o(.text)
    EXTI3_IRQHandler                         0x080001c3   Thumb Code     0  startup_stm32f401xe.o(.text)
    EXTI9_5_IRQHandler                       0x080001c3   Thumb Code     0  startup_stm32f401xe.o(.text)
    FLASH_IRQHandler                         0x080001c3   Thumb Code     0  startup_stm32f401xe.o(.text)
    FPU_IRQHandler                           0x080001c3   Thumb Code     0  startup_stm32f401xe.o(.text)
    I2C1_ER_IRQHandler                       0x080001c3   Thumb Code     0  startup_stm32f401xe.o(.text)
    I2C1_EV_IRQHandler                       0x080001c3   Thumb Code     0  startup_stm32f401xe.o(.text)
    I2C2_ER_IRQHandler                       0x080001c3   Thumb Code     0  startup_stm32f401xe.o(.text)
    I2C2_EV_IRQHandler                       0x080001c3   Thumb Code     0  startup_stm32f401xe.o(.text)
    I2C3_ER_IRQHandler                       0x080001c3   Thumb Code     0  startup_stm32f401xe.o(.text)
    I2C3_EV_IRQHandler                       0x080001c3   Thumb Code     0  startup_stm32f401xe.o(.text)
    OTG_FS_IRQHandler                        0x080001c3   Thumb Code     0  startup_stm32f401xe.o(.text)
    OTG_FS_WKUP_IRQHandler                   0x080001c3   Thumb Code     0  startup_stm32f401xe.o(.text)
    PVD_IRQHandler                           0x080001c3   Thumb Code     0  startup_stm32f401xe.o(.text)
    RCC_IRQHandler                           0x080001c3   Thumb Code     0  startup_stm32f401xe.o(.text)
    RTC_Alarm_IRQHandler                     0x080001c3   Thumb Code     0  startup_stm32f401xe.o(.text)
    SDIO_IRQHandler                          0x080001c3   Thumb Code     0  startup_stm32f401xe.o(.text)
    SPI1_IRQHandler                          0x080001c3   Thumb Code     0  startup_stm32f401xe.o(.text)
    SPI2_IRQHandler                          0x080001c3   Thumb Code     0  startup_stm32f401xe.o(.text)
    SPI3_IRQHandler                          0x080001c3   Thumb Code     0  startup_stm32f401xe.o(.text)
    SPI4_IRQHandler                          0x080001c3   Thumb Code     0  startup_stm32f401xe.o(.text)
    TAMP_STAMP_IRQHandler                    0x080001c3   Thumb Code     0  startup_stm32f401xe.o(.text)
    TIM1_BRK_TIM9_IRQHandler                 0x080001c3   Thumb Code     0  startup_stm32f401xe.o(.text)
    TIM1_CC_IRQHandler                       0x080001c3   Thumb Code     0  startup_stm32f401xe.o(.text)
    TIM1_TRG_COM_TIM11_IRQHandler            0x080001c3   Thumb Code     0  startup_stm32f401xe.o(.text)
    TIM1_UP_TIM10_IRQHandler                 0x080001c3   Thumb Code     0  startup_stm32f401xe.o(.text)
    TIM2_IRQHandler                          0x080001c3   Thumb Code     0  startup_stm32f401xe.o(.text)
    TIM3_IRQHandler                          0x080001c3   Thumb Code     0  startup_stm32f401xe.o(.text)
    TIM4_IRQHandler                          0x080001c3   Thumb Code     0  startup_stm32f401xe.o(.text)
    TIM5_IRQHandler                          0x080001c3   Thumb Code     0  startup_stm32f401xe.o(.text)
    USART1_IRQHandler                        0x080001c3   Thumb Code     0  startup_stm32f401xe.o(.text)
    USART2_IRQHandler                        0x080001c3   Thumb Code     0  startup_stm32f401xe.o(.text)
    USART6_IRQHandler                        0x080001c3   Thumb Code     0  startup_stm32f401xe.o(.text)
    WWDG_IRQHandler                          0x080001c3   Thumb Code     0  startup_stm32f401xe.o(.text)
    ___aeabi_memcpy4$ret                     0x080001cd   Thumb Code     0  memcpy.o(.text)
    ___aeabi_memcpy8$ret                     0x080001cd   Thumb Code     0  memcpy.o(.text)
    __aeabi_memcpy                           0x080001cd   Thumb Code    40  memcpy.o(.text)
    memcpy                                   0x080001cd   Thumb Code     0  memcpy.o(.text)
    __aeabi_memset                           0x080001f5   Thumb Code    14  memseta.o(.text)
    __aeabi_memset4                          0x080001f5   Thumb Code     0  memseta.o(.text)
    __aeabi_memset8                          0x080001f5   Thumb Code     0  memseta.o(.text)
    __aeabi_memclr                           0x08000203   Thumb Code     4  memseta.o(.text)
    __aeabi_memclr4                          0x08000203   Thumb Code     0  memseta.o(.text)
    __aeabi_memclr8                          0x08000203   Thumb Code     0  memseta.o(.text)
    memset                                   0x08000207   Thumb Code    18  memseta.o(.text)
    strlen                                   0x08000219   Thumb Code    14  strlen.o(.text)
    __aeabi_dmul                             0x08000227   Thumb Code   228  dmul.o(.text)
    __aeabi_ddiv                             0x0800030b   Thumb Code   222  ddiv.o(.text)
    __aeabi_d2iz                             0x080003e9   Thumb Code    62  dfixi.o(.text)
    __aeabi_d2uiz                            0x08000427   Thumb Code    50  dfixui.o(.text)
    __aeabi_f2d                              0x08000459   Thumb Code    38  f2d.o(.text)
    __aeabi_d2f                              0x0800047f   Thumb Code    56  d2f.o(.text)
    __aeabi_llsr                             0x080004b7   Thumb Code    32  llushr.o(.text)
    _ll_ushift_r                             0x080004b7   Thumb Code     0  llushr.o(.text)
    __I$use$fp                               0x080004d7   Thumb Code     0  iusefp.o(.text)
    _float_round                             0x080004d7   Thumb Code    18  fepilogue.o(.text)
    _float_epilogue                          0x080004e9   Thumb Code    92  fepilogue.o(.text)
    _double_round                            0x08000545   Thumb Code    30  depilogue.o(.text)
    _double_epilogue                         0x08000563   Thumb Code   156  depilogue.o(.text)
    __aeabi_dadd                             0x080005ff   Thumb Code   322  dadd.o(.text)
    __aeabi_dsub                             0x08000741   Thumb Code     6  dadd.o(.text)
    __aeabi_drsub                            0x08000747   Thumb Code     6  dadd.o(.text)
    __ARM_scalbn                             0x0800074d   Thumb Code    46  dscalb.o(.text)
    scalbn                                   0x0800074d   Thumb Code     0  dscalb.o(.text)
    __aeabi_i2d                              0x0800077b   Thumb Code    34  dflti.o(.text)
    __aeabi_cdrcmple                         0x0800079d   Thumb Code    48  cdrcmple.o(.text)
    __scatterload                            0x080007cd   Thumb Code    28  init.o(.text)
    __scatterload_rt2                        0x080007cd   Thumb Code     0  init.o(.text)
    __aeabi_llsl                             0x080007f1   Thumb Code    30  llshl.o(.text)
    _ll_shift_l                              0x080007f1   Thumb Code     0  llshl.o(.text)
    __aeabi_lasr                             0x0800080f   Thumb Code    36  llsshr.o(.text)
    _ll_sshift_r                             0x0800080f   Thumb Code     0  llsshr.o(.text)
    _dsqrt                                   0x08000833   Thumb Code   162  dsqrt.o(.text)
    __decompress                             0x080008d5   Thumb Code     0  __dczerorl2.o(.text)
    __decompress1                            0x080008d5   Thumb Code    86  __dczerorl2.o(.text)
    BNRG_SPI_Init                            0x08000a9d   Thumb Code    54  stm32_bluenrg_ble.o(i.BNRG_SPI_Init)
    BSP_HUM_TEMP_GetHumidity                 0x08000add   Thumb Code    28  x_nucleo_iks01a1_hum_temp.o(i.BSP_HUM_TEMP_GetHumidity)
    BSP_HUM_TEMP_GetTemperature              0x08000afd   Thumb Code    28  x_nucleo_iks01a1_hum_temp.o(i.BSP_HUM_TEMP_GetTemperature)
    BSP_HUM_TEMP_Init                        0x08000b1d   Thumb Code   130  x_nucleo_iks01a1_hum_temp.o(i.BSP_HUM_TEMP_Init)
    BSP_HUM_TEMP_isInitialized               0x08000bb1   Thumb Code     6  x_nucleo_iks01a1_hum_temp.o(i.BSP_HUM_TEMP_isInitialized)
    BSP_IMU_6AXES_G_GetAxes                  0x08000bbd   Thumb Code    28  x_nucleo_iks01a1_imu_6axes.o(i.BSP_IMU_6AXES_G_GetAxes)
    BSP_IMU_6AXES_Init                       0x08000bdd   Thumb Code   264  x_nucleo_iks01a1_imu_6axes.o(i.BSP_IMU_6AXES_Init)
    BSP_IMU_6AXES_X_GetAxes                  0x08000d01   Thumb Code    28  x_nucleo_iks01a1_imu_6axes.o(i.BSP_IMU_6AXES_X_GetAxes)
    BSP_IMU_6AXES_isInitialized              0x08000d21   Thumb Code     6  x_nucleo_iks01a1_imu_6axes.o(i.BSP_IMU_6AXES_isInitialized)
    BSP_LED_Init                             0x08000d2d   Thumb Code    92  stm32f4xx_cannon_v2.o(i.BSP_LED_Init)
    BSP_LED_Toggle                           0x08000d95   Thumb Code    22  stm32f4xx_cannon_v2.o(i.BSP_LED_Toggle)
    BSP_PRESSURE_GetPressure                 0x08000db5   Thumb Code    28  x_nucleo_iks01a1_pressure.o(i.BSP_PRESSURE_GetPressure)
    BSP_PRESSURE_Init                        0x08000dd5   Thumb Code   388  x_nucleo_iks01a1_pressure.o(i.BSP_PRESSURE_Init)
    BSP_PRESSURE_isInitialized               0x08000f75   Thumb Code     6  x_nucleo_iks01a1_pressure.o(i.BSP_PRESSURE_isInitialized)
    BlueNRG_DataPresent                      0x08000f81   Thumb Code    20  stm32_bluenrg_ble.o(i.BlueNRG_DataPresent)
    BlueNRG_RST                              0x08000f99   Thumb Code    36  stm32_bluenrg_ble.o(i.BlueNRG_RST)
    BlueNRG_SPI_Read_All                     0x08000fc1   Thumb Code   154  stm32_bluenrg_ble.o(i.BlueNRG_SPI_Read_All)
    BlueNRG_SPI_Write                        0x08001069   Thumb Code   178  stm32_bluenrg_ble.o(i.BlueNRG_SPI_Write)
    Clear_SPI_EXTI_Flag                      0x08001131   Thumb Code     8  stm32_bluenrg_ble.o(i.Clear_SPI_EXTI_Flag)
    Clock_Time                               0x0800113d   Thumb Code     8  clock.o(i.Clock_Time)
    DebugMon_Handler                         0x08001145   Thumb Code     2  stm32xx_it.o(i.DebugMon_Handler)
    Disable_SPI_IRQ                          0x08001147   Thumb Code    10  stm32_bluenrg_ble.o(i.Disable_SPI_IRQ)
    EXTI15_10_IRQHandler                     0x08001151   Thumb Code    16  stm32xx_it.o(i.EXTI15_10_IRQHandler)
    EXTI4_IRQHandler                         0x08001165   Thumb Code    10  stm32xx_it.o(i.EXTI4_IRQHandler)
    Enable_SPI_IRQ                           0x0800116f   Thumb Code    10  stm32_bluenrg_ble.o(i.Enable_SPI_IRQ)
    Error_Handler                            0x08001179   Thumb Code    18  main.o(i.Error_Handler)
    HAL_Delay                                0x0800118b   Thumb Code    26  stm32f4xx_hal.o(i.HAL_Delay)
    HAL_GPIO_EXTI_Callback                   0x080011a5   Thumb Code    10  bluenrg_interface.o(i.HAL_GPIO_EXTI_Callback)
    HAL_GPIO_EXTI_IRQHandler                 0x080011b1   Thumb Code    24  stm32f4xx_hal_gpio.o(i.HAL_GPIO_EXTI_IRQHandler)
    HAL_GPIO_Init                            0x080011cd   Thumb Code   432  stm32f4xx_hal_gpio.o(i.HAL_GPIO_Init)
    HAL_GPIO_ReadPin                         0x0800139d   Thumb Code    16  stm32f4xx_hal_gpio.o(i.HAL_GPIO_ReadPin)
    HAL_GPIO_TogglePin                       0x080013ad   Thumb Code     8  stm32f4xx_hal_gpio.o(i.HAL_GPIO_TogglePin)
    HAL_GPIO_WritePin                        0x080013b5   Thumb Code    12  stm32f4xx_hal_gpio.o(i.HAL_GPIO_WritePin)
    HAL_GetTick                              0x080013c1   Thumb Code     6  stm32f4xx_hal.o(i.HAL_GetTick)
    HAL_I2C_DeInit                           0x080013cd   Thumb Code    54  stm32f4xx_hal_i2c.o(i.HAL_I2C_DeInit)
    HAL_I2C_GetState                         0x08001403   Thumb Code     8  stm32f4xx_hal_i2c.o(i.HAL_I2C_GetState)
    HAL_I2C_Init                             0x0800140d   Thumb Code   278  stm32f4xx_hal_i2c.o(i.HAL_I2C_Init)
    HAL_I2C_Mem_Read                         0x0800152d   Thumb Code   560  stm32f4xx_hal_i2c.o(i.HAL_I2C_Mem_Read)
    HAL_I2C_Mem_Write                        0x08001765   Thumb Code   262  stm32f4xx_hal_i2c.o(i.HAL_I2C_Mem_Write)
    HAL_I2C_MspDeInit                        0x08001875   Thumb Code     2  stm32f4xx_hal_i2c.o(i.HAL_I2C_MspDeInit)
    HAL_I2C_MspInit                          0x08001877   Thumb Code     2  stm32f4xx_hal_i2c.o(i.HAL_I2C_MspInit)
    HAL_IncTick                              0x08001879   Thumb Code    12  stm32f4xx_hal.o(i.HAL_IncTick)
    HAL_Init                                 0x08001889   Thumb Code    54  stm32f4xx_hal.o(i.HAL_Init)
    HAL_InitTick                             0x080018c5   Thumb Code    36  stm32f4xx_hal.o(i.HAL_InitTick)
    HAL_MspInit                              0x080018e9   Thumb Code     2  stm32f4xx_hal.o(i.HAL_MspInit)
    HAL_NVIC_DisableIRQ                      0x080018ed   Thumb Code    22  stm32f4xx_hal_cortex.o(i.HAL_NVIC_DisableIRQ)
    HAL_NVIC_EnableIRQ                       0x08001909   Thumb Code    26  stm32f4xx_hal_cortex.o(i.HAL_NVIC_EnableIRQ)
    HAL_NVIC_SetPriority                     0x08001923   Thumb Code   124  stm32f4xx_hal_cortex.o(i.HAL_NVIC_SetPriority)
    HAL_NVIC_SetPriorityGrouping             0x080019a1   Thumb Code    32  stm32f4xx_hal_cortex.o(i.HAL_NVIC_SetPriorityGrouping)
    HAL_PWREx_EnableFlashPowerDown           0x080019c9   Thumb Code    20  stm32f4xx_hal_pwr_ex.o(i.HAL_PWREx_EnableFlashPowerDown)
    HAL_PWR_EnterSTOPMode                    0x080019e1   Thumb Code    54  stm32f4xx_hal_pwr.o(i.HAL_PWR_EnterSTOPMode)
    HAL_RCCEx_PeriphCLKConfig                0x08001a21   Thumb Code   402  stm32f4xx_hal_rcc_ex.o(i.HAL_RCCEx_PeriphCLKConfig)
    HAL_RCC_ClockConfig                      0x08001bc9   Thumb Code   680  stm32f4xx_hal_rcc.o(i.HAL_RCC_ClockConfig)
    HAL_RCC_GetClockConfig                   0x08001e79   Thumb Code    58  stm32f4xx_hal_rcc.o(i.HAL_RCC_GetClockConfig)
    HAL_RCC_GetHCLKFreq                      0x08001ebd   Thumb Code    42  stm32f4xx_hal_rcc.o(i.HAL_RCC_GetHCLKFreq)
    HAL_RCC_GetOscConfig                     0x08001ef5   Thumb Code   286  stm32f4xx_hal_rcc.o(i.HAL_RCC_GetOscConfig)
    HAL_RCC_GetPCLK1Freq                     0x08002019   Thumb Code    36  stm32f4xx_hal_rcc.o(i.HAL_RCC_GetPCLK1Freq)
    HAL_RCC_GetPCLK2Freq                     0x08002045   Thumb Code    36  stm32f4xx_hal_rcc.o(i.HAL_RCC_GetPCLK2Freq)
    HAL_RCC_GetSysClockFreq                  0x08002071   Thumb Code   168  stm32f4xx_hal_rcc.o(i.HAL_RCC_GetSysClockFreq)
    HAL_RCC_OscConfig                        0x08002121   Thumb Code  1028  stm32f4xx_hal_rcc.o(i.HAL_RCC_OscConfig)
    HAL_RTCEx_DeactivateWakeUpTimer          0x08002525   Thumb Code   152  stm32f4xx_hal_rtc_ex.o(i.HAL_RTCEx_DeactivateWakeUpTimer)
    HAL_RTCEx_SetWakeUpTimer_IT              0x080025bd   Thumb Code   226  stm32f4xx_hal_rtc_ex.o(i.HAL_RTCEx_SetWakeUpTimer_IT)
    HAL_RTCEx_WakeUpTimerEventCallback       0x080026a5   Thumb Code    12  main.o(i.HAL_RTCEx_WakeUpTimerEventCallback)
    HAL_RTCEx_WakeUpTimerIRQHandler          0x080026b5   Thumb Code    60  stm32f4xx_hal_rtc_ex.o(i.HAL_RTCEx_WakeUpTimerIRQHandler)
    HAL_RTC_GetDate                          0x080026f5   Thumb Code    72  stm32f4xx_hal_rtc.o(i.HAL_RTC_GetDate)
    HAL_RTC_GetTime                          0x08002741   Thumb Code    82  stm32f4xx_hal_rtc.o(i.HAL_RTC_GetTime)
    HAL_RTC_Init                             0x08002799   Thumb Code   176  stm32f4xx_hal_rtc.o(i.HAL_RTC_Init)
    HAL_RTC_MspInit                          0x0800284d   Thumb Code    76  stm32f4xx_hal_msp.o(i.HAL_RTC_MspInit)
    HAL_RTC_SetDate                          0x0800289d   Thumb Code   270  stm32f4xx_hal_rtc.o(i.HAL_RTC_SetDate)
    HAL_RTC_SetTime                          0x080029b1   Thumb Code   304  stm32f4xx_hal_rtc.o(i.HAL_RTC_SetTime)
    HAL_RTC_WaitForSynchro                   0x08002ae5   Thumb Code    58  stm32f4xx_hal_rtc.o(i.HAL_RTC_WaitForSynchro)
    HAL_SPI_Init                             0x08002b1f   Thumb Code   136  stm32f4xx_hal_spi.o(i.HAL_SPI_Init)
    HAL_SPI_MspInit                          0x08002ba9   Thumb Code   408  stm32_bluenrg_ble.o(i.HAL_SPI_MspInit)
    HAL_SPI_TransmitReceive                  0x08002d59   Thumb Code   850  stm32f4xx_hal_spi.o(i.HAL_SPI_TransmitReceive)
    HAL_SYSTICK_Config                       0x080030ab   Thumb Code    52  stm32f4xx_hal_cortex.o(i.HAL_SYSTICK_Config)
    HAL_UART_Init                            0x080030df   Thumb Code   110  stm32f4xx_hal_uart.o(i.HAL_UART_Init)
    HAL_UART_MspInit                         0x0800314d   Thumb Code   140  stm32f4xx_hal_msp.o(i.HAL_UART_MspInit)
    HAL_UART_Transmit                        0x080031e1   Thumb Code   240  stm32f4xx_hal_uart.o(i.HAL_UART_Transmit)
    HCI_Event_CB                             0x080032d1   Thumb Code   152  bluenrg_sdk_api.o(i.HCI_Event_CB)
    HCI_Init                                 0x0800336d   Thumb Code    48  hci.o(i.HCI_Init)
    HCI_Isr                                  0x080033a9   Thumb Code   118  hci.o(i.HCI_Isr)
    HCI_Process                              0x08003431   Thumb Code   116  hci.o(i.HCI_Process)
    HCI_Queue_Empty                          0x080034b5   Thumb Code    10  hci.o(i.HCI_Queue_Empty)
    HCI_verify                               0x080034c5   Thumb Code    36  hci.o(i.HCI_verify)
    HTS221_IO_ITConfig                       0x080039d1   Thumb Code     2  x_nucleo_iks01a1.o(i.HTS221_IO_ITConfig)
    HTS221_IO_Init                           0x080039d3   Thumb Code     8  x_nucleo_iks01a1.o(i.HTS221_IO_Init)
    HTS221_IO_Read                           0x080039db   Thumb Code    28  x_nucleo_iks01a1.o(i.HTS221_IO_Read)
    HTS221_IO_Write                          0x080039f7   Thumb Code    28  x_nucleo_iks01a1.o(i.HTS221_IO_Write)
    Hal_Write_Serial                         0x08003b8d   Thumb Code    70  stm32_bluenrg_ble.o(i.Hal_Write_Serial)
    HardFault_Handler                        0x08003bdd   Thumb Code     4  stm32xx_it.o(i.HardFault_Handler)
    LPS25HB_IO_ITConfig                      0x080041ed   Thumb Code     2  x_nucleo_iks01a1.o(i.LPS25HB_IO_ITConfig)
    LPS25HB_IO_Init                          0x080041ef   Thumb Code     8  x_nucleo_iks01a1.o(i.LPS25HB_IO_Init)
    LPS25HB_IO_Read                          0x080041f7   Thumb Code    28  x_nucleo_iks01a1.o(i.LPS25HB_IO_Read)
    LPS25HB_IO_Write                         0x08004213   Thumb Code    28  x_nucleo_iks01a1.o(i.LPS25HB_IO_Write)
    LPS25H_IO_ITConfig                       0x080044ed   Thumb Code     2  x_nucleo_iks01a1.o(i.LPS25H_IO_ITConfig)
    LPS25H_IO_Init                           0x080044ef   Thumb Code     8  x_nucleo_iks01a1.o(i.LPS25H_IO_Init)
    LPS25H_IO_Read                           0x080044f7   Thumb Code    28  x_nucleo_iks01a1.o(i.LPS25H_IO_Read)
    LPS25H_IO_Write                          0x08004513   Thumb Code    28  x_nucleo_iks01a1.o(i.LPS25H_IO_Write)
    LSM303AGR_MAG_Get_Magnetic               0x08004701   Thumb Code    58  lsm303agr_mag_driver.o(i.LSM303AGR_MAG_Get_Magnetic)
    LSM303AGR_MAG_Get_Raw_Magnetic           0x0800473b   Thumb Code    64  lsm303agr_mag_driver.o(i.LSM303AGR_MAG_Get_Raw_Magnetic)
    LSM303AGR_MAG_R_WHO_AM_I                 0x0800477b   Thumb Code    30  lsm303agr_mag_driver.o(i.LSM303AGR_MAG_R_WHO_AM_I)
    LSM303AGR_MAG_ReadReg                    0x08004799   Thumb Code    20  x_nucleo_iks01a1.o(i.LSM303AGR_MAG_ReadReg)
    LSM303AGR_MAG_W_MD                       0x080047ad   Thumb Code    56  lsm303agr_mag_driver.o(i.LSM303AGR_MAG_W_MD)
    LSM303AGR_MAG_W_ODR                      0x080047e5   Thumb Code    56  lsm303agr_mag_driver.o(i.LSM303AGR_MAG_W_ODR)
    LSM303AGR_MAG_WriteReg                   0x0800481d   Thumb Code    18  x_nucleo_iks01a1.o(i.LSM303AGR_MAG_WriteReg)
    LSM6DS3_IO_Init                          0x08005063   Thumb Code     8  x_nucleo_iks01a1.o(i.LSM6DS3_IO_Init)
    LSM6DS3_IO_Read                          0x0800506b   Thumb Code    28  x_nucleo_iks01a1.o(i.LSM6DS3_IO_Read)
    LSM6DS3_IO_Write                         0x08005087   Thumb Code    28  x_nucleo_iks01a1.o(i.LSM6DS3_IO_Write)
    NMI_Handler                              0x08005635   Thumb Code     2  stm32xx_it.o(i.NMI_Handler)
    Osal_MemCpy                              0x08005671   Thumb Code    20  osal.o(i.Osal_MemCpy)
    Osal_MemSet                              0x08005685   Thumb Code    20  osal.o(i.Osal_MemSet)
    PendSV_Handler                           0x080056f9   Thumb Code     2  stm32xx_it.o(i.PendSV_Handler)
    RTC_Bcd2ToByte                           0x080056fb   Thumb Code    22  stm32f4xx_hal_rtc.o(i.RTC_Bcd2ToByte)
    RTC_ByteToBcd2                           0x08005711   Thumb Code    26  stm32f4xx_hal_rtc.o(i.RTC_ByteToBcd2)
    RTC_CalendarShow                         0x08005785   Thumb Code    92  stm32f401_lp_mode.o(i.RTC_CalendarShow)
    RTC_EnterInitMode                        0x080057e5   Thumb Code    62  stm32f4xx_hal_rtc.o(i.RTC_EnterInitMode)
    RTC_WKUP_IRQHandler                      0x08005825   Thumb Code    10  stm32xx_it.o(i.RTC_WKUP_IRQHandler)
    SVC_Handler                              0x08005961   Thumb Code     2  stm32xx_it.o(i.SVC_Handler)
    StopMode_Measure                         0x080059a9   Thumb Code    32  stm32f401_lp_mode.o(i.StopMode_Measure)
    SysTick_Handler                          0x080059cd   Thumb Code    18  stm32xx_it.o(i.SysTick_Handler)
    SystemClock_Config                       0x080059e5   Thumb Code    76  cube_hal_f4.o(i.SystemClock_Config)
    SystemInit                               0x08005a31   Thumb Code    82  system_stm32f4xx.o(i.SystemInit)
    Timer_Expired                            0x08005a95   Thumb Code    28  gp_timer.o(i.Timer_Expired)
    Timer_Set                                0x08005ab1   Thumb Code    16  gp_timer.o(i.Timer_Set)
    UART_Init                                0x08005ac1   Thumb Code    52  stm32f4xx_hal_msp.o(i.UART_Init)
    __0printf$bare                           0x08005e21   Thumb Code     8  printfb.o(i.__0printf$bare)
    __1printf$bare                           0x08005e21   Thumb Code     0  printfb.o(i.__0printf$bare)
    __2printf                                0x08005e21   Thumb Code     0  printfb.o(i.__0printf$bare)
    __ARM_fpclassify                         0x08005e31   Thumb Code    48  fpclassify.o(i.__ARM_fpclassify)
    __hardfp_pow                             0x08005e61   Thumb Code  3044  pow.o(i.__hardfp_pow)
    __jsensor_initSensor                     0x08006a99   Thumb Code     2  juma_sensor.o(i.__jsensor_initSensor)
    __kernel_poly                            0x08006a9b   Thumb Code   248  poly.o(i.__kernel_poly)
    __mathlib_dbl_divzero                    0x08006b99   Thumb Code    28  dunder.o(i.__mathlib_dbl_divzero)
    __mathlib_dbl_infnan2                    0x08006bc9   Thumb Code    20  dunder.o(i.__mathlib_dbl_infnan2)
    __mathlib_dbl_invalid                    0x08006be1   Thumb Code    24  dunder.o(i.__mathlib_dbl_invalid)
    __mathlib_dbl_overflow                   0x08006c01   Thumb Code    24  dunder.o(i.__mathlib_dbl_overflow)
    __mathlib_dbl_underflow                  0x08006c21   Thumb Code    24  dunder.o(i.__mathlib_dbl_underflow)
    __scatterload_copy                       0x08006c41   Thumb Code    14  handlers.o(i.__scatterload_copy)
    __scatterload_null                       0x08006c4f   Thumb Code     2  handlers.o(i.__scatterload_null)
    __scatterload_zeroinit                   0x08006c51   Thumb Code    14  handlers.o(i.__scatterload_zeroinit)
    __set_errno                              0x08006c61   Thumb Code     6  errno.o(i.__set_errno)
    aci_gap_init                             0x08006c8f   Thumb Code   136  bluenrg_gap_aci.o(i.aci_gap_init)
    aci_gap_set_auth_requirement             0x08006d17   Thumb Code   136  bluenrg_gap_aci.o(i.aci_gap_set_auth_requirement)
    aci_gap_set_discoverable                 0x08006d9f   Thumb Code   268  bluenrg_gap_aci.o(i.aci_gap_set_discoverable)
    aci_gatt_add_char                        0x08006eab   Thumb Code   224  bluenrg_gatt_aci.o(i.aci_gatt_add_char)
    aci_gatt_add_serv                        0x08006f8b   Thumb Code   160  bluenrg_gatt_aci.o(i.aci_gatt_add_serv)
    aci_gatt_allow_read                      0x0800702b   Thumb Code    72  bluenrg_gatt_aci.o(i.aci_gatt_allow_read)
    aci_gatt_init                            0x08007073   Thumb Code    60  bluenrg_gatt_aci.o(i.aci_gatt_init)
    aci_gatt_update_char_value               0x080070af   Thumb Code   170  bluenrg_gatt_aci.o(i.aci_gatt_update_char_value)
    aci_hal_set_tx_power_level               0x08007159   Thumb Code    88  bluenrg_hal_aci.o(i.aci_hal_set_tx_power_level)
    aci_hal_write_config_data                0x080071b1   Thumb Code   124  bluenrg_hal_aci.o(i.aci_hal_write_config_data)
    advertise_address                        0x0800722d   Thumb Code    26  bluenrg_sdk_api.o(i.advertise_address)
    ble_device_on_connect                    0x08007271   Thumb Code     2  app.o(i.ble_device_on_connect)
    ble_device_on_disconnect                 0x08007275   Thumb Code    20  app.o(i.ble_device_on_disconnect)
    ble_device_on_message                    0x0800728d   Thumb Code   136  app.o(i.ble_device_on_message)
    ble_device_send                          0x08007329   Thumb Code    88  bluenrg_sdk_api.o(i.ble_device_send)
    ble_device_set_advertising_interval      0x0800738d   Thumb Code     6  bluenrg_sdk_api.o(i.ble_device_set_advertising_interval)
    ble_device_set_name                      0x08007399   Thumb Code    50  bluenrg_sdk_api.o(i.ble_device_set_name)
    ble_device_set_tx_power                  0x080073d9   Thumb Code    18  bluenrg_sdk_api.o(i.ble_device_set_tx_power)
    ble_device_start_advertising             0x080073ed   Thumb Code   102  bluenrg_sdk_api.o(i.ble_device_start_advertising)
    ble_init_bluenrg                         0x08007471   Thumb Code   104  bluenrg_sdk_api.o(i.ble_init_bluenrg)
    ble_set_adv_param                        0x080074f5   Thumb Code    44  bluenrg_sdk_api.o(i.ble_set_adv_param)
    current_time                             0x0800752d   Thumb Code    10  dispatch.o(i.current_time)
    dispatch                                 0x08007539   Thumb Code    82  dispatch.o(i.dispatch)
    dispatch_init                            0x080075d5   Thumb Code    46  dispatch.o(i.dispatch_init)
    fabs                                     0x0800760d   Thumb Code    24  fabs.o(i.fabs)
    fputc                                    0x08007625   Thumb Code    30  stm32f4xx_hal_msp.o(i.fputc)
    func_alt                                 0x08007649   Thumb Code   126  app.o(i.func_alt)
    func_com                                 0x080076cd   Thumb Code    88  app.o(i.func_com)
    func_cube                                0x08007729   Thumb Code    68  app.o(i.func_cube)
    func_dfu                                 0x08007771   Thumb Code     2  app.o(i.func_dfu)
    func_htm                                 0x08007775   Thumb Code    66  app.o(i.func_htm)
    func_off                                 0x080077bd   Thumb Code    24  app.o(i.func_off)
    hci_le_set_scan_resp_data                0x080077e9   Thumb Code   106  hci.o(i.hci_le_set_scan_resp_data)
    hci_send_cmd                             0x08007853   Thumb Code    60  hci.o(i.hci_send_cmd)
    hci_send_req                             0x08007891   Thumb Code   428  hci.o(i.hci_send_req)
    hci_write                                0x08007a49   Thumb Code    28  hci.o(i.hci_write)
    init_LSM303AGR_mag                       0x08007a81   Thumb Code    40  lsm303agr.o(i.init_LSM303AGR_mag)
    jsensor_app_read_sensor                  0x08007aa9   Thumb Code    56  juma_sensor.o(i.jsensor_app_read_sensor)
    jsensor_app_setSensor                    0x08007ae1   Thumb Code    44  juma_sensor.o(i.jsensor_app_setSensor)
    jsensor_app_setSensors                   0x08007b0d   Thumb Code    28  app.o(i.jsensor_app_setSensors)
    jsensor_sys_init                         0x08007b29   Thumb Code    12  juma_sensor.o(i.jsensor_sys_init)
    list_init_head                           0x08007b35   Thumb Code     6  list.o(i.list_init_head)
    list_insert_head                         0x08007b3b   Thumb Code    14  list.o(i.list_insert_head)
    list_insert_tail                         0x08007b49   Thumb Code    14  list.o(i.list_insert_tail)
    list_is_empty                            0x08007b57   Thumb Code    16  list.o(i.list_is_empty)
    list_remove_head                         0x08007b67   Thumb Code    28  list.o(i.list_remove_head)
    list_remove_node                         0x08007b83   Thumb Code    14  list.o(i.list_remove_node)
    main                                     0x08007bc1   Thumb Code   120  main.o(i.main)
    on_ready                                 0x08007c69   Thumb Code    26  app.o(i.on_ready)
    rtc_init                                 0x08007eb5   Thumb Code    48  stm32f401_lp_mode.o(i.rtc_init)
    rtc_wake_up_timer_config                 0x08007eed   Thumb Code    68  stm32f401_lp_mode.o(i.rtc_wake_up_timer_config)
    run_at_time                              0x08007f39   Thumb Code   122  dispatch.o(i.run_at_time)
    set_irq_as_input                         0x08007fbd   Thumb Code    48  stm32_bluenrg_ble.o(i.set_irq_as_input)
    set_irq_as_output                        0x08007ff5   Thumb Code    42  stm32_bluenrg_ble.o(i.set_irq_as_output)
    sleep_flag_set                           0x08008031   Thumb Code     6  main.o(i.sleep_flag_set)
    sqrt                                     0x0800803d   Thumb Code   110  sqrt.o(i.sqrt)
    CLOCK_SECOND                             0x080080c8   Data           4  clock.o(.constdata)
    APBAHBPrescTable                         0x080080cc   Data          16  stm32f4xx_hal_rcc.o(.constdata)
    GPIO_PIN                                 0x080080dc   Data           2  stm32f4xx_cannon_v2.o(.constdata)
    BUTTON_PIN                               0x080080de   Data           2  stm32f4xx_cannon_v2.o(.constdata)
    BUTTON_IRQn                              0x080080e0   Data           1  stm32f4xx_cannon_v2.o(.constdata)
    __mathlib_zero                           0x08008170   Data           8  qnan.o(.constdata)
    Region$$Table$$Base                      0x080081c8   Number         0  anon$$obj.o(Region$$Table)
    Region$$Table$$Limit                     0x080081e8   Number         0  anon$$obj.o(Region$$Table)
    adv_address                              0x20000000   Data           6  app.o(.data)
    tx_power_level                           0x20000006   Data           1  app.o(.data)
    adv_interval                             0x20000008   Data           2  app.o(.data)
    g_func_com_en                            0x2000000a   Data           1  app.o(.data)
    g_func_alt_en                            0x2000000b   Data           1  app.o(.data)
    g_func_htm_en                            0x2000000c   Data           1  app.o(.data)
    g_func_cub_en                            0x2000000d   Data           1  app.o(.data)
    g_func_dfu_en                            0x2000000e   Data           1  app.o(.data)
    uwCounter                                0x20000010   Data           4  main.o(.data)
    sleep_flag                               0x20000014   Data           1  main.o(.data)
    stime                                    0x20000018   Data           4  main.o(.data)
    m_adv_params                             0x2000001c   Data           6  bluenrg_sdk_api.o(.data)
    Ble_conn_state                           0x20000022   Data           1  bluenrg_sdk_api.o(.data)
    BLueNrgServHandle                        0x20000028   Data           2  bluenrg_sdk_api.o(.data)
    WriteCharHandle                          0x2000002a   Data           2  bluenrg_sdk_api.o(.data)
    WriteCmdCharHandle                       0x2000002c   Data           2  bluenrg_sdk_api.o(.data)
    ReadNotifyCharHandle                     0x2000002e   Data           2  bluenrg_sdk_api.o(.data)
    NotifyCharHandle                         0x20000030   Data           2  bluenrg_sdk_api.o(.data)
    service_handle                           0x20000032   Data           2  bluenrg_sdk_api.o(.data)
    dev_name_char_handle                     0x20000034   Data           2  bluenrg_sdk_api.o(.data)
    appearance_char_handle                   0x20000036   Data           2  bluenrg_sdk_api.o(.data)
    LocalName                                0x20000038   Data          20  bluenrg_sdk_api.o(.data)
    ms_counter                               0x20000068   Data           4  stm32xx_it.o(.data)
    button_event                             0x2000006c   Data           1  stm32xx_it.o(.data)
    Hts221Drv                                0x20000070   Data          48  hts221.o(.data)
    Hts221Drv_ext                            0x200000a0   Data           8  hts221.o(.data)
    T0_degC                                  0x200000a8   Data           4  hts221.o(.data)
    T1_degC                                  0x200000ac   Data           4  hts221.o(.data)
    T0_out                                   0x200000b0   Data           2  hts221.o(.data)
    T1_out                                   0x200000b2   Data           2  hts221.o(.data)
    H0_rh                                    0x200000b4   Data           4  hts221.o(.data)
    H1_rh                                    0x200000b8   Data           4  hts221.o(.data)
    H0_T0_out                                0x200000bc   Data           2  hts221.o(.data)
    H1_T0_out                                0x200000be   Data           2  hts221.o(.data)
    LPS25HDrv                                0x200000c0   Data          52  lps25h.o(.data)
    LPS25HDrv_ext                            0x200000f4   Data           8  lps25h.o(.data)
    LPS25H_SlaveAddress                      0x200000fc   Data           1  lps25h.o(.data)
    LPS25HBDrv                               0x20000100   Data          52  lps25hb.o(.data)
    LPS25HBDrv_ext                           0x20000134   Data           8  lps25hb.o(.data)
    LPS25HB_SlaveAddress                     0x2000013c   Data           1  lps25hb.o(.data)
    LSM6DS3Drv                               0x20000140   Data          68  lsm6ds3.o(.data)
    LSM6DS3Drv_ext_internal                  0x20000184   Data          12  lsm6ds3.o(.data)
    LSM6DS3Drv_ext                           0x20000190   Data           8  lsm6ds3.o(.data)
    hciReadPktPool                           0x2000019c   Data           8  hci.o(.data)
    hciReadPktRxQueue                        0x200001a4   Data           8  hci.o(.data)
    I2C_EXPBD_Timeout                        0x200001c8   Data           4  x_nucleo_iks01a1.o(.data)
    Lsm6ds3_SpixTimeout                      0x200001cc   Data           4  x_nucleo_iks01a1.o(.data)
    GPIO_PORT                                0x200001d0   Data           4  stm32f4xx_cannon_v2.o(.data)
    BUTTON_PORT                              0x200001d4   Data           4  stm32f4xx_cannon_v2.o(.data)
    SpixTimeout                              0x200001d8   Data           4  stm32f4xx_cannon_v2.o(.data)
    SystemCoreClock                          0x200001dc   Data           4  system_stm32f4xx.o(.data)
    AHBPrescTable                            0x200001e0   Data          16  system_stm32f4xx.o(.data)
    __stdout                                 0x200001f0   Data           4  stdout.o(.data)
    AdvName                                  0x200001f8   Data          20  bluenrg_sdk_api.o(.bss)
    RTCHandle                                0x2000040c   Data          32  stm32f401_lp_mode.o(.bss)
    SpiHandle                                0x2000042c   Data          88  stm32_bluenrg_ble.o(.bss)
    UartHandle                               0x20000740   Data          64  stm32f4xx_hal_msp.o(.bss)
    __initial_sp                             0x20000c18   Data           0  startup_stm32f401xe.o(STACK)



==============================================================================

Memory Map of the image

  Image Entry point : 0x08000195

  Load Region LR_IROM1 (Base: 0x08000000, Size: 0x000083e0, Max: 0x00080000, ABSOLUTE, COMPRESSED[0x000082cc])

    Execution Region ER_IROM1 (Base: 0x08000000, Size: 0x000081e8, Max: 0x00080000, ABSOLUTE)

    Base Addr    Size         Type   Attr      Idx    E Section Name        Object

    0x08000000   0x00000194   Data   RO         7648    RESET               startup_stm32f401xe.o
    0x08000194   0x00000000   Code   RO         7707  * .ARM.Collect$$$$00000000  mc_w.l(entry.o)
    0x08000194   0x00000004   Code   RO         8035    .ARM.Collect$$$$00000001  mc_w.l(entry2.o)
    0x08000198   0x00000004   Code   RO         8038    .ARM.Collect$$$$00000004  mc_w.l(entry5.o)
    0x0800019c   0x00000000   Code   RO         8040    .ARM.Collect$$$$00000008  mc_w.l(entry7b.o)
    0x0800019c   0x00000000   Code   RO         8042    .ARM.Collect$$$$0000000A  mc_w.l(entry8b.o)
    0x0800019c   0x00000008   Code   RO         8043    .ARM.Collect$$$$0000000B  mc_w.l(entry9a.o)
    0x080001a4   0x00000000   Code   RO         8045    .ARM.Collect$$$$0000000D  mc_w.l(entry10a.o)
    0x080001a4   0x00000000   Code   RO         8047    .ARM.Collect$$$$0000000F  mc_w.l(entry11a.o)
    0x080001a4   0x00000004   Code   RO         8036    .ARM.Collect$$$$00002712  mc_w.l(entry2.o)
    0x080001a8   0x00000024   Code   RO         7649    .text               startup_stm32f401xe.o
    0x080001cc   0x00000028   Code   RO         7712    .text               mc_w.l(memcpy.o)
    0x080001f4   0x00000024   Code   RO         7718    .text               mc_w.l(memseta.o)
    0x08000218   0x0000000e   Code   RO         7720    .text               mc_w.l(strlen.o)
    0x08000226   0x000000e4   Code   RO         7986    .text               mf_w.l(dmul.o)
    0x0800030a   0x000000de   Code   RO         7988    .text               mf_w.l(ddiv.o)
    0x080003e8   0x0000003e   Code   RO         7990    .text               mf_w.l(dfixi.o)
    0x08000426   0x00000032   Code   RO         7992    .text               mf_w.l(dfixui.o)
    0x08000458   0x00000026   Code   RO         7994    .text               mf_w.l(f2d.o)
    0x0800047e   0x00000038   Code   RO         7996    .text               mf_w.l(d2f.o)
    0x080004b6   0x00000020   Code   RO         8054    .text               mc_w.l(llushr.o)
    0x080004d6   0x00000000   Code   RO         8063    .text               mc_w.l(iusefp.o)
    0x080004d6   0x0000006e   Code   RO         8064    .text               mf_w.l(fepilogue.o)
    0x08000544   0x000000ba   Code   RO         8066    .text               mf_w.l(depilogue.o)
    0x080005fe   0x0000014e   Code   RO         8068    .text               mf_w.l(dadd.o)
    0x0800074c   0x0000002e   Code   RO         8072    .text               mf_w.l(dscalb.o)
    0x0800077a   0x00000022   Code   RO         8074    .text               mf_w.l(dflti.o)
    0x0800079c   0x00000030   Code   RO         8078    .text               mf_w.l(cdrcmple.o)
    0x080007cc   0x00000024   Code   RO         8080    .text               mc_w.l(init.o)
    0x080007f0   0x0000001e   Code   RO         8082    .text               mc_w.l(llshl.o)
    0x0800080e   0x00000024   Code   RO         8084    .text               mc_w.l(llsshr.o)
    0x08000832   0x000000a2   Code   RO         8086    .text               mf_w.l(dsqrt.o)
    0x080008d4   0x00000056   Code   RO         8098    .text               mc_w.l(__dczerorl2.o)
    0x0800092a   0x00000002   PAD
    0x0800092c   0x00000170   Code   RO          414    i.Add_Service       bluenrg_sdk_api.o
    0x08000a9c   0x00000040   Code   RO         5818    i.BNRG_SPI_Init     stm32_bluenrg_ble.o
    0x08000adc   0x00000020   Code   RO         6838    i.BSP_HUM_TEMP_GetHumidity  x_nucleo_iks01a1_hum_temp.o
    0x08000afc   0x00000020   Code   RO         6839    i.BSP_HUM_TEMP_GetTemperature  x_nucleo_iks01a1_hum_temp.o
    0x08000b1c   0x00000094   Code   RO         6840    i.BSP_HUM_TEMP_Init  x_nucleo_iks01a1_hum_temp.o
    0x08000bb0   0x0000000c   Code   RO         6844    i.BSP_HUM_TEMP_isInitialized  x_nucleo_iks01a1_hum_temp.o
    0x08000bbc   0x00000020   Code   RO         6908    i.BSP_IMU_6AXES_G_GetAxes  x_nucleo_iks01a1_imu_6axes.o
    0x08000bdc   0x00000124   Code   RO         6917    i.BSP_IMU_6AXES_Init  x_nucleo_iks01a1_imu_6axes.o
    0x08000d00   0x00000020   Code   RO         6919    i.BSP_IMU_6AXES_X_GetAxes  x_nucleo_iks01a1_imu_6axes.o
    0x08000d20   0x0000000c   Code   RO         6926    i.BSP_IMU_6AXES_isInitialized  x_nucleo_iks01a1_imu_6axes.o
    0x08000d2c   0x00000068   Code   RO         7472    i.BSP_LED_Init      stm32f4xx_cannon_v2.o
    0x08000d94   0x00000020   Code   RO         7475    i.BSP_LED_Toggle    stm32f4xx_cannon_v2.o
    0x08000db4   0x00000020   Code   RO         7060    i.BSP_PRESSURE_GetPressure  x_nucleo_iks01a1_pressure.o
    0x08000dd4   0x000001a0   Code   RO         7062    i.BSP_PRESSURE_Init  x_nucleo_iks01a1_pressure.o
    0x08000f74   0x0000000c   Code   RO         7065    i.BSP_PRESSURE_isInitialized  x_nucleo_iks01a1_pressure.o
    0x08000f80   0x00000018   Code   RO         5819    i.BlueNRG_DataPresent  stm32_bluenrg_ble.o
    0x08000f98   0x00000028   Code   RO         5821    i.BlueNRG_RST       stm32_bluenrg_ble.o
    0x08000fc0   0x000000a8   Code   RO         5822    i.BlueNRG_SPI_Read_All  stm32_bluenrg_ble.o
    0x08001068   0x000000c8   Code   RO         5823    i.BlueNRG_SPI_Write  stm32_bluenrg_ble.o
    0x08001130   0x0000000c   Code   RO         5824    i.Clear_SPI_EXTI_Flag  stm32_bluenrg_ble.o
    0x0800113c   0x00000008   Code   RO          821    i.Clock_Time        clock.o
    0x08001144   0x00000002   Code   RO          731    i.DebugMon_Handler  stm32xx_it.o
    0x08001146   0x0000000a   Code   RO         5826    i.Disable_SPI_IRQ   stm32_bluenrg_ble.o
    0x08001150   0x00000014   Code   RO          732    i.EXTI15_10_IRQHandler  stm32xx_it.o
    0x08001164   0x0000000a   Code   RO          733    i.EXTI4_IRQHandler  stm32xx_it.o
    0x0800116e   0x0000000a   Code   RO         5827    i.Enable_SPI_IRQ    stm32_bluenrg_ble.o
    0x08001178   0x00000012   Code   RO          329    i.Error_Handler     main.o
    0x0800118a   0x0000001a   Code   RO         3020    i.HAL_Delay         stm32f4xx_hal.o
    0x080011a4   0x0000000a   Code   RO          699    i.HAL_GPIO_EXTI_Callback  bluenrg_interface.o
    0x080011ae   0x00000002   PAD
    0x080011b0   0x0000001c   Code   RO         3959    i.HAL_GPIO_EXTI_IRQHandler  stm32f4xx_hal_gpio.o
    0x080011cc   0x000001d0   Code   RO         3960    i.HAL_GPIO_Init     stm32f4xx_hal_gpio.o
    0x0800139c   0x00000010   Code   RO         3962    i.HAL_GPIO_ReadPin  stm32f4xx_hal_gpio.o
    0x080013ac   0x00000008   Code   RO         3963    i.HAL_GPIO_TogglePin  stm32f4xx_hal_gpio.o
    0x080013b4   0x0000000c   Code   RO         3964    i.HAL_GPIO_WritePin  stm32f4xx_hal_gpio.o
    0x080013c0   0x0000000c   Code   RO         3026    i.HAL_GetTick       stm32f4xx_hal.o
    0x080013cc   0x00000036   Code   RO         4027    i.HAL_I2C_DeInit    stm32f4xx_hal_i2c.o
    0x08001402   0x00000008   Code   RO         4032    i.HAL_I2C_GetState  stm32f4xx_hal_i2c.o
    0x0800140a   0x00000002   PAD
    0x0800140c   0x00000120   Code   RO         4033    i.HAL_I2C_Init      stm32f4xx_hal_i2c.o
    0x0800152c   0x00000238   Code   RO         4045    i.HAL_I2C_Mem_Read  stm32f4xx_hal_i2c.o
    0x08001764   0x00000110   Code   RO         4048    i.HAL_I2C_Mem_Write  stm32f4xx_hal_i2c.o
    0x08001874   0x00000002   Code   RO         4051    i.HAL_I2C_MspDeInit  stm32f4xx_hal_i2c.o
    0x08001876   0x00000002   Code   RO         4052    i.HAL_I2C_MspInit   stm32f4xx_hal_i2c.o
    0x08001878   0x00000010   Code   RO         3027    i.HAL_IncTick       stm32f4xx_hal.o
    0x08001888   0x0000003c   Code   RO         3028    i.HAL_Init          stm32f4xx_hal.o
    0x080018c4   0x00000024   Code   RO         3029    i.HAL_InitTick      stm32f4xx_hal.o
    0x080018e8   0x00000002   Code   RO         3031    i.HAL_MspInit       stm32f4xx_hal.o
    0x080018ea   0x00000002   PAD
    0x080018ec   0x0000001c   Code   RO         3447    i.HAL_NVIC_DisableIRQ  stm32f4xx_hal_cortex.o
    0x08001908   0x0000001a   Code   RO         3448    i.HAL_NVIC_EnableIRQ  stm32f4xx_hal_cortex.o
    0x08001922   0x0000007c   Code   RO         3454    i.HAL_NVIC_SetPriority  stm32f4xx_hal_cortex.o
    0x0800199e   0x00000002   PAD
    0x080019a0   0x00000028   Code   RO         3455    i.HAL_NVIC_SetPriorityGrouping  stm32f4xx_hal_cortex.o
    0x080019c8   0x00000018   Code   RO         4537    i.HAL_PWREx_EnableFlashPowerDown  stm32f4xx_hal_pwr_ex.o
    0x080019e0   0x00000040   Code   RO         4421    i.HAL_PWR_EnterSTOPMode  stm32f4xx_hal_pwr.o
    0x08001a20   0x000001a8   Code   RO         4723    i.HAL_RCCEx_PeriphCLKConfig  stm32f4xx_hal_rcc_ex.o
    0x08001bc8   0x000002b0   Code   RO         4614    i.HAL_RCC_ClockConfig  stm32f4xx_hal_rcc.o
    0x08001e78   0x00000044   Code   RO         4618    i.HAL_RCC_GetClockConfig  stm32f4xx_hal_rcc.o
    0x08001ebc   0x00000038   Code   RO         4619    i.HAL_RCC_GetHCLKFreq  stm32f4xx_hal_rcc.o
    0x08001ef4   0x00000124   Code   RO         4620    i.HAL_RCC_GetOscConfig  stm32f4xx_hal_rcc.o
    0x08002018   0x0000002c   Code   RO         4621    i.HAL_RCC_GetPCLK1Freq  stm32f4xx_hal_rcc.o
    0x08002044   0x0000002c   Code   RO         4622    i.HAL_RCC_GetPCLK2Freq  stm32f4xx_hal_rcc.o
    0x08002070   0x000000b0   Code   RO         4623    i.HAL_RCC_GetSysClockFreq  stm32f4xx_hal_rcc.o
    0x08002120   0x00000404   Code   RO         4626    i.HAL_RCC_OscConfig  stm32f4xx_hal_rcc.o
    0x08002524   0x00000098   Code   RO         4900    i.HAL_RTCEx_DeactivateWakeUpTimer  stm32f4xx_hal_rtc_ex.o
    0x080025bc   0x000000e8   Code   RO         4920    i.HAL_RTCEx_SetWakeUpTimer_IT  stm32f4xx_hal_rtc_ex.o
    0x080026a4   0x00000010   Code   RO          330    i.HAL_RTCEx_WakeUpTimerEventCallback  main.o
    0x080026b4   0x00000040   Code   RO         4926    i.HAL_RTCEx_WakeUpTimerIRQHandler  stm32f4xx_hal_rtc_ex.o
    0x080026f4   0x0000004c   Code   RO         4761    i.HAL_RTC_GetDate   stm32f4xx_hal_rtc.o
    0x08002740   0x00000058   Code   RO         4763    i.HAL_RTC_GetTime   stm32f4xx_hal_rtc.o
    0x08002798   0x000000b4   Code   RO         4764    i.HAL_RTC_Init      stm32f4xx_hal_rtc.o
    0x0800284c   0x00000050   Code   RO         7122    i.HAL_RTC_MspInit   stm32f4xx_hal_msp.o
    0x0800289c   0x00000114   Code   RO         4769    i.HAL_RTC_SetDate   stm32f4xx_hal_rtc.o
    0x080029b0   0x00000134   Code   RO         4770    i.HAL_RTC_SetTime   stm32f4xx_hal_rtc.o
    0x08002ae4   0x0000003a   Code   RO         4771    i.HAL_RTC_WaitForSynchro  stm32f4xx_hal_rtc.o
    0x08002b1e   0x00000088   Code   RO         5135    i.HAL_SPI_Init      stm32f4xx_hal_spi.o
    0x08002ba6   0x00000002   PAD
    0x08002ba8   0x000001b0   Code   RO         5828    i.HAL_SPI_MspInit   stm32_bluenrg_ble.o
    0x08002d58   0x00000352   Code   RO         5143    i.HAL_SPI_TransmitReceive  stm32f4xx_hal_spi.o
    0x080030aa   0x00000034   Code   RO         3459    i.HAL_SYSTICK_Config  stm32f4xx_hal_cortex.o
    0x080030de   0x0000006e   Code   RO         5444    i.HAL_UART_Init     stm32f4xx_hal_uart.o
    0x0800314c   0x00000094   Code   RO         7124    i.HAL_UART_MspInit  stm32f4xx_hal_msp.o
    0x080031e0   0x000000f0   Code   RO         5452    i.HAL_UART_Transmit  stm32f4xx_hal_uart.o
    0x080032d0   0x0000009c   Code   RO          415    i.HCI_Event_CB      bluenrg_sdk_api.o
    0x0800336c   0x0000003c   Code   RO         6525    i.HCI_Init          hci.o
    0x080033a8   0x00000088   Code   RO         6526    i.HCI_Isr           hci.o
    0x08003430   0x00000084   Code   RO         6527    i.HCI_Process       hci.o
    0x080034b4   0x00000010   Code   RO         6528    i.HCI_Queue_Empty   hci.o
    0x080034c4   0x00000024   Code   RO         6529    i.HCI_verify        hci.o
    0x080034e8   0x000001a8   Code   RO          986    i.HTS221_Calibration  hts221.o
    0x08003690   0x000001bc   Code   RO          987    i.HTS221_GetHumidity  hts221.o
    0x0800384c   0x00000184   Code   RO          988    i.HTS221_GetTemperature  hts221.o
    0x080039d0   0x00000002   Code   RO         7187    i.HTS221_IO_ITConfig  x_nucleo_iks01a1.o
    0x080039d2   0x00000008   Code   RO         7188    i.HTS221_IO_Init    x_nucleo_iks01a1.o
    0x080039da   0x0000001c   Code   RO         7189    i.HTS221_IO_Read    x_nucleo_iks01a1.o
    0x080039f6   0x0000001c   Code   RO         7190    i.HTS221_IO_Write   x_nucleo_iks01a1.o
    0x08003a12   0x00000066   Code   RO          989    i.HTS221_Init       hts221.o
    0x08003a78   0x00000034   Code   RO          990    i.HTS221_Power_OFF  hts221.o
    0x08003aac   0x00000034   Code   RO          991    i.HTS221_Power_On   hts221.o
    0x08003ae0   0x00000018   Code   RO          992    i.HTS221_ReadID     hts221.o
    0x08003af8   0x00000034   Code   RO          993    i.HTS221_RebootCmd  hts221.o
    0x08003b2c   0x00000010   Code   RO         7191    i.HUM_TEMP_IO_Init  x_nucleo_iks01a1.o
    0x08003b3c   0x00000028   Code   RO         7192    i.HUM_TEMP_IO_Read  x_nucleo_iks01a1.o
    0x08003b64   0x00000028   Code   RO         7193    i.HUM_TEMP_IO_Write  x_nucleo_iks01a1.o
    0x08003b8c   0x00000050   Code   RO         5829    i.Hal_Write_Serial  stm32_bluenrg_ble.o
    0x08003bdc   0x00000004   Code   RO          734    i.HardFault_Handler  stm32xx_it.o
    0x08003be0   0x0000001c   Code   RO         7194    i.I2C_EXPBD_Error   x_nucleo_iks01a1.o
    0x08003bfc   0x00000044   Code   RO         7195    i.I2C_EXPBD_Init    x_nucleo_iks01a1.o
    0x08003c40   0x000000a4   Code   RO         7196    i.I2C_EXPBD_MspInit  x_nucleo_iks01a1.o
    0x08003ce4   0x0000003c   Code   RO         7197    i.I2C_EXPBD_ReadData  x_nucleo_iks01a1.o
    0x08003d20   0x0000003c   Code   RO         7198    i.I2C_EXPBD_WriteData  x_nucleo_iks01a1.o
    0x08003d5c   0x00000114   Code   RO         4074    i.I2C_RequestMemoryRead  stm32f4xx_hal_i2c.o
    0x08003e70   0x000000b0   Code   RO         4075    i.I2C_RequestMemoryWrite  stm32f4xx_hal_i2c.o
    0x08003f20   0x000000de   Code   RO         4083    i.I2C_WaitOnFlagUntilTimeout  stm32f4xx_hal_i2c.o
    0x08003ffe   0x000000aa   Code   RO         4084    i.I2C_WaitOnMasterAddressFlagUntilTimeout  stm32f4xx_hal_i2c.o
    0x080040a8   0x00000010   Code   RO         7199    i.IMU_6AXES_IO_Init  x_nucleo_iks01a1.o
    0x080040b8   0x00000028   Code   RO         7200    i.IMU_6AXES_IO_Read  x_nucleo_iks01a1.o
    0x080040e0   0x00000028   Code   RO         7201    i.IMU_6AXES_IO_Write  x_nucleo_iks01a1.o
    0x08004108   0x00000030   Code   RO         1104    i.LPS25HB_GetPressure  lps25hb.o
    0x08004138   0x0000003c   Code   RO         1105    i.LPS25HB_GetTemperature  lps25hb.o
    0x08004174   0x00000044   Code   RO         1106    i.LPS25HB_I2C_ReadRawPressure  lps25hb.o
    0x080041b8   0x00000034   Code   RO         1107    i.LPS25HB_I2C_ReadRawTemperature  lps25hb.o
    0x080041ec   0x00000002   Code   RO         7202    i.LPS25HB_IO_ITConfig  x_nucleo_iks01a1.o
    0x080041ee   0x00000008   Code   RO         7203    i.LPS25HB_IO_Init   x_nucleo_iks01a1.o
    0x080041f6   0x0000001c   Code   RO         7204    i.LPS25HB_IO_Read   x_nucleo_iks01a1.o
    0x08004212   0x0000001c   Code   RO         7205    i.LPS25HB_IO_Write  x_nucleo_iks01a1.o
    0x0800422e   0x00000002   PAD
    0x08004230   0x000000f0   Code   RO         1108    i.LPS25HB_Init      lps25hb.o
    0x08004320   0x0000003c   Code   RO         1109    i.LPS25HB_PowerOff  lps25hb.o
    0x0800435c   0x0000003c   Code   RO         1110    i.LPS25HB_PowerOn   lps25hb.o
    0x08004398   0x00000020   Code   RO         1111    i.LPS25HB_ReadID    lps25hb.o
    0x080043b8   0x0000003c   Code   RO         1112    i.LPS25HB_RebootCmd  lps25hb.o
    0x080043f4   0x00000014   Code   RO         1113    i.LPS25HB_SlaveAddrRemap  lps25hb.o
    0x08004408   0x00000030   Code   RO         1042    i.LPS25H_GetPressure  lps25h.o
    0x08004438   0x0000003c   Code   RO         1043    i.LPS25H_GetTemperature  lps25h.o
    0x08004474   0x00000044   Code   RO         1044    i.LPS25H_I2C_ReadRawPressure  lps25h.o
    0x080044b8   0x00000034   Code   RO         1045    i.LPS25H_I2C_ReadRawTemperature  lps25h.o
    0x080044ec   0x00000002   Code   RO         7206    i.LPS25H_IO_ITConfig  x_nucleo_iks01a1.o
    0x080044ee   0x00000008   Code   RO         7207    i.LPS25H_IO_Init    x_nucleo_iks01a1.o
    0x080044f6   0x0000001c   Code   RO         7208    i.LPS25H_IO_Read    x_nucleo_iks01a1.o
    0x08004512   0x0000001c   Code   RO         7209    i.LPS25H_IO_Write   x_nucleo_iks01a1.o
    0x0800452e   0x00000002   PAD
    0x08004530   0x000000f0   Code   RO         1046    i.LPS25H_Init       lps25h.o
    0x08004620   0x0000003c   Code   RO         1047    i.LPS25H_PowerOff   lps25h.o
    0x0800465c   0x0000003c   Code   RO         1048    i.LPS25H_PowerOn    lps25h.o
    0x08004698   0x00000020   Code   RO         1049    i.LPS25H_ReadID     lps25h.o
    0x080046b8   0x0000003c   Code   RO         1050    i.LPS25H_RebootCmd  lps25h.o
    0x080046f4   0x0000000c   Code   RO         1051    i.LPS25H_SlaveAddrRemap  lps25h.o
    0x08004700   0x0000003a   Code   RO         2537    i.LSM303AGR_MAG_Get_Magnetic  lsm303agr_mag_driver.o
    0x0800473a   0x00000040   Code   RO         2538    i.LSM303AGR_MAG_Get_Raw_Magnetic  lsm303agr_mag_driver.o
    0x0800477a   0x0000001e   Code   RO         2570    i.LSM303AGR_MAG_R_WHO_AM_I  lsm303agr_mag_driver.o
    0x08004798   0x00000014   Code   RO         7212    i.LSM303AGR_MAG_ReadReg  x_nucleo_iks01a1.o
    0x080047ac   0x00000038   Code   RO         2596    i.LSM303AGR_MAG_W_MD  lsm303agr_mag_driver.o
    0x080047e4   0x00000038   Code   RO         2597    i.LSM303AGR_MAG_W_ODR  lsm303agr_mag_driver.o
    0x0800481c   0x00000012   Code   RO         7213    i.LSM303AGR_MAG_WriteReg  x_nucleo_iks01a1.o
    0x0800482e   0x00000086   Code   RO         1166    i.LSM6DS3_Common_Sensor_Enable  lsm6ds3.o
    0x080048b4   0x00000082   Code   RO         1167    i.LSM6DS3_Disable_Free_Fall_Detection  lsm6ds3.o
    0x08004936   0x0000013a   Code   RO         1168    i.LSM6DS3_Enable_Free_Fall_Detection  lsm6ds3.o
    0x08004a70   0x00000080   Code   RO         1169    i.LSM6DS3_G_GetAxes  lsm6ds3.o
    0x08004af0   0x00000072   Code   RO         1170    i.LSM6DS3_G_GetAxesRaw  lsm6ds3.o
    0x08004b62   0x00000002   PAD
    0x08004b64   0x000000ac   Code   RO         1171    i.LSM6DS3_G_GetSensitivity  lsm6ds3.o
    0x08004c10   0x000000ac   Code   RO         1172    i.LSM6DS3_G_Get_FS  lsm6ds3.o
    0x08004cbc   0x000000c4   Code   RO         1173    i.LSM6DS3_G_Get_ODR  lsm6ds3.o
    0x08004d80   0x00000094   Code   RO         1174    i.LSM6DS3_G_Set_Axes_Status  lsm6ds3.o
    0x08004e14   0x00000118   Code   RO         1175    i.LSM6DS3_G_Set_FS  lsm6ds3.o
    0x08004f2c   0x000000f4   Code   RO         1176    i.LSM6DS3_G_Set_ODR  lsm6ds3.o
    0x08005020   0x00000042   Code   RO         1177    i.LSM6DS3_Get_Status_Free_Fall_Detection  lsm6ds3.o
    0x08005062   0x00000008   Code   RO         7219    i.LSM6DS3_IO_Init   x_nucleo_iks01a1.o
    0x0800506a   0x0000001c   Code   RO         7220    i.LSM6DS3_IO_Read   x_nucleo_iks01a1.o
    0x08005086   0x0000001c   Code   RO         7221    i.LSM6DS3_IO_Write  x_nucleo_iks01a1.o
    0x080050a2   0x00000084   Code   RO         1178    i.LSM6DS3_Init      lsm6ds3.o
    0x08005126   0x00000018   Code   RO         1179    i.LSM6DS3_Read_XG_ID  lsm6ds3.o
    0x0800513e   0x00000002   PAD
    0x08005140   0x00000080   Code   RO         1180    i.LSM6DS3_X_GetAxes  lsm6ds3.o
    0x080051c0   0x00000072   Code   RO         1181    i.LSM6DS3_X_GetAxesRaw  lsm6ds3.o
    0x08005232   0x00000002   PAD
    0x08005234   0x00000078   Code   RO         1182    i.LSM6DS3_X_GetSensitivity  lsm6ds3.o
    0x080052ac   0x00000068   Code   RO         1183    i.LSM6DS3_X_Get_FS  lsm6ds3.o
    0x08005314   0x000000e0   Code   RO         1184    i.LSM6DS3_X_Get_ODR  lsm6ds3.o
    0x080053f4   0x00000094   Code   RO         1185    i.LSM6DS3_X_Set_Axes_Status  lsm6ds3.o
    0x08005488   0x0000008a   Code   RO         1186    i.LSM6DS3_X_Set_FS  lsm6ds3.o
    0x08005512   0x00000002   PAD
    0x08005514   0x00000120   Code   RO         1187    i.LSM6DS3_X_Set_ODR  lsm6ds3.o
    0x08005634   0x00000002   Code   RO          735    i.NMI_Handler       stm32xx_it.o
    0x08005636   0x00000002   PAD
    0x08005638   0x00000010   Code   RO         3461    i.NVIC_GetPriorityGrouping  stm32f4xx_hal_cortex.o
    0x08005648   0x00000028   Code   RO         3462    i.NVIC_SetPriority  stm32f4xx_hal_cortex.o
    0x08005670   0x00000014   Code   RO         6818    i.Osal_MemCpy       osal.o
    0x08005684   0x00000014   Code   RO         6819    i.Osal_MemSet       osal.o
    0x08005698   0x00000010   Code   RO         7226    i.PRESSURE_IO_Init  x_nucleo_iks01a1.o
    0x080056a8   0x00000028   Code   RO         7227    i.PRESSURE_IO_Read  x_nucleo_iks01a1.o
    0x080056d0   0x00000028   Code   RO         7228    i.PRESSURE_IO_Write  x_nucleo_iks01a1.o
    0x080056f8   0x00000002   Code   RO          736    i.PendSV_Handler    stm32xx_it.o
    0x080056fa   0x00000016   Code   RO         4772    i.RTC_Bcd2ToByte    stm32f4xx_hal_rtc.o
    0x08005710   0x0000001a   Code   RO         4773    i.RTC_ByteToBcd2    stm32f4xx_hal_rtc.o
    0x0800572a   0x00000002   PAD
    0x0800572c   0x00000058   Code   RO          617    i.RTC_CalendarConfig  stm32f401_lp_mode.o
    0x08005784   0x00000060   Code   RO          618    i.RTC_CalendarShow  stm32f401_lp_mode.o
    0x080057e4   0x0000003e   Code   RO         4774    i.RTC_EnterInitMode  stm32f4xx_hal_rtc.o
    0x08005822   0x00000002   PAD
    0x08005824   0x00000010   Code   RO          738    i.RTC_WKUP_IRQHandler  stm32xx_it.o
    0x08005834   0x00000018   Code   RO          416    i.Read_Request_CB   bluenrg_sdk_api.o
    0x0800584c   0x00000114   Code   RO         5165    i.SPI_WaitOnFlagUntilTimeout  stm32f4xx_hal_spi.o
    0x08005960   0x00000002   Code   RO          739    i.SVC_Handler       stm32xx_it.o
    0x08005962   0x00000046   Code   RO          619    i.SYSCLKConfig_STOP  stm32f401_lp_mode.o
    0x080059a8   0x00000024   Code   RO          623    i.StopMode_Measure  stm32f401_lp_mode.o
    0x080059cc   0x00000018   Code   RO          740    i.SysTick_Handler   stm32xx_it.o
    0x080059e4   0x0000004c   Code   RO          866    i.SystemClock_Config  cube_hal_f4.o
    0x08005a30   0x00000064   Code   RO         7657    i.SystemInit        system_stm32f4xx.o
    0x08005a94   0x0000001c   Code   RO         6479    i.Timer_Expired     gp_timer.o
    0x08005ab0   0x00000010   Code   RO         6483    i.Timer_Set         gp_timer.o
    0x08005ac0   0x00000040   Code   RO         7125    i.UART_Init         stm32f4xx_hal_msp.o
    0x08005b00   0x00000224   Code   RO         5464    i.UART_SetConfig    stm32f4xx_hal_uart.o
    0x08005d24   0x000000fa   Code   RO         5466    i.UART_WaitOnFlagUntilTimeout  stm32f4xx_hal_uart.o
    0x08005e1e   0x00000002   PAD
    0x08005e20   0x00000010   Code   RO         7727    i.__0printf$bare    mc_w.l(printfb.o)
    0x08005e30   0x00000030   Code   RO         8018    i.__ARM_fpclassify  m_wm.l(fpclassify.o)
    0x08005e60   0x00000c38   Code   RO         7693    i.__hardfp_pow      m_wm.l(pow.o)
    0x08006a98   0x00000002   Code   RO          894    i.__jsensor_initSensor  juma_sensor.o
    0x08006a9a   0x000000f8   Code   RO         8020    i.__kernel_poly     m_wm.l(poly.o)
    0x08006b92   0x00000006   PAD
    0x08006b98   0x00000030   Code   RO         7998    i.__mathlib_dbl_divzero  m_wm.l(dunder.o)
    0x08006bc8   0x00000014   Code   RO         8000    i.__mathlib_dbl_infnan2  m_wm.l(dunder.o)
    0x08006bdc   0x00000004   PAD
    0x08006be0   0x00000020   Code   RO         8001    i.__mathlib_dbl_invalid  m_wm.l(dunder.o)
    0x08006c00   0x00000020   Code   RO         8002    i.__mathlib_dbl_overflow  m_wm.l(dunder.o)
    0x08006c20   0x00000020   Code   RO         8004    i.__mathlib_dbl_underflow  m_wm.l(dunder.o)
    0x08006c40   0x0000000e   Code   RO         8092    i.__scatterload_copy  mc_w.l(handlers.o)
    0x08006c4e   0x00000002   Code   RO         8093    i.__scatterload_null  mc_w.l(handlers.o)
    0x08006c50   0x0000000e   Code   RO         8094    i.__scatterload_zeroinit  mc_w.l(handlers.o)
    0x08006c5e   0x00000002   PAD
    0x08006c60   0x0000000c   Code   RO         8058    i.__set_errno       mc_w.l(errno.o)
    0x08006c6c   0x00000022   Code   RO         7734    i._printf_core      mc_w.l(printfb.o)
    0x08006c8e   0x00000088   Code   RO         5944    i.aci_gap_init      bluenrg_gap_aci.o
    0x08006d16   0x00000088   Code   RO         5949    i.aci_gap_set_auth_requirement  bluenrg_gap_aci.o
    0x08006d9e   0x0000010c   Code   RO         5953    i.aci_gap_set_discoverable  bluenrg_gap_aci.o
    0x08006eaa   0x000000e0   Code   RO         6158    i.aci_gatt_add_char  bluenrg_gatt_aci.o
    0x08006f8a   0x000000a0   Code   RO         6160    i.aci_gatt_add_serv  bluenrg_gatt_aci.o
    0x0800702a   0x00000048   Code   RO         6161    i.aci_gatt_allow_read  bluenrg_gatt_aci.o
    0x08007072   0x0000003c   Code   RO         6174    i.aci_gatt_init     bluenrg_gatt_aci.o
    0x080070ae   0x000000aa   Code   RO         6187    i.aci_gatt_update_char_value  bluenrg_gatt_aci.o
    0x08007158   0x00000058   Code   RO         6417    i.aci_hal_set_tx_power_level  bluenrg_hal_aci.o
    0x080071b0   0x0000007c   Code   RO         6420    i.aci_hal_write_config_data  bluenrg_hal_aci.o
    0x0800722c   0x0000001a   Code   RO          417    i.advertise_address  bluenrg_sdk_api.o
    0x08007246   0x00000002   PAD
    0x08007248   0x00000028   Code   RO          542    i.allocate          dispatch.o
    0x08007270   0x00000002   Code   RO            4    i.ble_device_on_connect  app.o
    0x08007272   0x00000002   PAD
    0x08007274   0x00000018   Code   RO            5    i.ble_device_on_disconnect  app.o
    0x0800728c   0x0000009c   Code   RO            6    i.ble_device_on_message  app.o
    0x08007328   0x00000064   Code   RO          421    i.ble_device_send   bluenrg_sdk_api.o
    0x0800738c   0x0000000c   Code   RO          422    i.ble_device_set_advertising_interval  bluenrg_sdk_api.o
    0x08007398   0x00000040   Code   RO          423    i.ble_device_set_name  bluenrg_sdk_api.o
    0x080073d8   0x00000012   Code   RO          424    i.ble_device_set_tx_power  bluenrg_sdk_api.o
    0x080073ea   0x00000002   PAD
    0x080073ec   0x00000084   Code   RO          425    i.ble_device_start_advertising  bluenrg_sdk_api.o
    0x08007470   0x00000084   Code   RO          427    i.ble_init_bluenrg  bluenrg_sdk_api.o
    0x080074f4   0x0000002c   Code   RO          428    i.ble_set_adv_param  bluenrg_sdk_api.o
    0x08007520   0x0000000c   Code   RO          430    i.connection_information  bluenrg_sdk_api.o
    0x0800752c   0x0000000a   Code   RO          543    i.current_time      dispatch.o
    0x08007536   0x00000002   PAD
    0x08007538   0x00000060   Code   RO          544    i.dispatch          dispatch.o
    0x08007598   0x0000003c   Code   RO          545    i.dispatch_head_op  dispatch.o
    0x080075d4   0x00000038   Code   RO          546    i.dispatch_init     dispatch.o
    0x0800760c   0x00000018   Code   RO         8014    i.fabs              m_wm.l(fabs.o)
    0x08007624   0x00000024   Code   RO         7126    i.fputc             stm32f4xx_hal_msp.o
    0x08007648   0x00000084   Code   RO            7    i.func_alt          app.o
    0x080076cc   0x0000005c   Code   RO            8    i.func_com          app.o
    0x08007728   0x00000048   Code   RO            9    i.func_cube         app.o
    0x08007770   0x00000002   Code   RO           10    i.func_dfu          app.o
    0x08007772   0x00000002   PAD
    0x08007774   0x00000048   Code   RO           11    i.func_htm          app.o
    0x080077bc   0x0000002c   Code   RO           12    i.func_off          app.o
    0x080077e8   0x0000006a   Code   RO         6553    i.hci_le_set_scan_resp_data  hci.o
    0x08007852   0x0000003c   Code   RO         6560    i.hci_send_cmd      hci.o
    0x0800788e   0x00000002   PAD
    0x08007890   0x000001b8   Code   RO         6561    i.hci_send_req      hci.o
    0x08007a48   0x0000001c   Code   RO         6563    i.hci_write         hci.o
    0x08007a64   0x0000001c   Code   RO          895    i.hum_temp_monitor_init  juma_sensor.o
    0x08007a80   0x00000028   Code   RO         1298    i.init_LSM303AGR_mag  lsm303agr.o
    0x08007aa8   0x00000038   Code   RO          896    i.jsensor_app_read_sensor  juma_sensor.o
    0x08007ae0   0x0000002c   Code   RO          897    i.jsensor_app_setSensor  juma_sensor.o
    0x08007b0c   0x0000001c   Code   RO           13    i.jsensor_app_setSensors  app.o
    0x08007b28   0x0000000c   Code   RO          899    i.jsensor_sys_init  juma_sensor.o
    0x08007b34   0x00000006   Code   RO         5740    i.list_init_head    list.o
    0x08007b3a   0x0000000e   Code   RO         5741    i.list_insert_head  list.o
    0x08007b48   0x0000000e   Code   RO         5744    i.list_insert_tail  list.o
    0x08007b56   0x00000010   Code   RO         5745    i.list_is_empty     list.o
    0x08007b66   0x0000001c   Code   RO         5746    i.list_remove_head  list.o
    0x08007b82   0x0000000e   Code   RO         5747    i.list_remove_node  list.o
    0x08007b90   0x00000014   Code   RO          900    i.lsm303agr_init    juma_sensor.o
    0x08007ba4   0x0000001c   Code   RO          901    i.lsm6ds3_6_axis_init  juma_sensor.o
    0x08007bc0   0x00000084   Code   RO          332    i.main              main.o
    0x08007c44   0x00000024   Code   RO         6564    i.move_list         hci.o
    0x08007c68   0x00000038   Code   RO           14    i.on_ready          app.o
    0x08007ca0   0x0000001c   Code   RO          902    i.pressure_sensor_init  juma_sensor.o
    0x08007cbc   0x00000090   Code   RO          903    i.read_6_Axis_data  juma_sensor.o
    0x08007d4c   0x0000004c   Code   RO          904    i.read_pressure     juma_sensor.o
    0x08007d98   0x0000004e   Code   RO          905    i.read_raw_magnetometer_data  juma_sensor.o
    0x08007de6   0x00000002   PAD
    0x08007de8   0x0000007c   Code   RO          906    i.read_temp_hum     juma_sensor.o
    0x08007e64   0x00000050   Code   RO          547    i.reset_rtc         dispatch.o
    0x08007eb4   0x00000038   Code   RO          625    i.rtc_init          stm32f401_lp_mode.o
    0x08007eec   0x0000004c   Code   RO          626    i.rtc_wake_up_timer_config  stm32f401_lp_mode.o
    0x08007f38   0x00000084   Code   RO          548    i.run_at_time       dispatch.o
    0x08007fbc   0x00000038   Code   RO         5831    i.set_irq_as_input  stm32_bluenrg_ble.o
    0x08007ff4   0x00000030   Code   RO         5832    i.set_irq_as_output  stm32_bluenrg_ble.o
    0x08008024   0x0000000c   Code   RO          550    i.set_timer         dispatch.o
    0x08008030   0x0000000c   Code   RO          335    i.sleep_flag_set    main.o
    0x0800803c   0x0000006e   Code   RO         8025    i.sqrt              m_wm.l(sqrt.o)
    0x080080aa   0x0000001c   Code   RO         5833    i.us150Delay        stm32_bluenrg_ble.o
    0x080080c6   0x00000002   PAD
    0x080080c8   0x00000004   Data   RO          823    .constdata          clock.o
    0x080080cc   0x00000010   Data   RO         4627    .constdata          stm32f4xx_hal_rcc.o
    0x080080dc   0x00000005   Data   RO         7495    .constdata          stm32f4xx_cannon_v2.o
    0x080080e1   0x00000007   PAD
    0x080080e8   0x00000088   Data   RO         7696    .constdata          m_wm.l(pow.o)
    0x08008170   0x00000008   Data   RO         8022    .constdata          m_wm.l(qnan.o)
    0x08008178   0x0000004d   Data   RO         7128    .conststring        stm32f4xx_hal_msp.o
    0x080081c5   0x00000003   PAD
    0x080081c8   0x00000020   Data   RO         8090    Region$$Table       anon$$obj.o


    Execution Region RW_IRAM1 (Base: 0x20000000, Size: 0x00000c18, Max: 0x00018000, ABSOLUTE, COMPRESSED[0x000000e4])

    Base Addr    Size         Type   Attr      Idx    E Section Name        Object

    0x20000000   0x0000000f   Data   RW           15    .data               app.o
    0x2000000f   0x00000001   PAD
    0x20000010   0x0000000c   Data   RW          337    .data               main.o
    0x2000001c   0x00000031   Data   RW          432    .data               bluenrg_sdk_api.o
    0x2000004d   0x00000003   PAD
    0x20000050   0x00000018   Data   RW          552    .data               dispatch.o
    0x20000068   0x00000005   Data   RW          741    .data               stm32xx_it.o
    0x2000006d   0x00000003   PAD
    0x20000070   0x00000050   Data   RW          994    .data               hts221.o
    0x200000c0   0x0000003d   Data   RW         1052    .data               lps25h.o
    0x200000fd   0x00000003   PAD
    0x20000100   0x0000003d   Data   RW         1114    .data               lps25hb.o
    0x2000013d   0x00000003   PAD
    0x20000140   0x00000058   Data   RW         1188    .data               lsm6ds3.o
    0x20000198   0x00000004   Data   RW         3034    .data               stm32f4xx_hal.o
    0x2000019c   0x00000013   Data   RW         6566    .data               hci.o
    0x200001af   0x00000001   PAD
    0x200001b0   0x00000005   Data   RW         6845    .data               x_nucleo_iks01a1_hum_temp.o
    0x200001b5   0x00000003   PAD
    0x200001b8   0x00000006   Data   RW         6927    .data               x_nucleo_iks01a1_imu_6axes.o
    0x200001be   0x00000002   PAD
    0x200001c0   0x00000006   Data   RW         7066    .data               x_nucleo_iks01a1_pressure.o
    0x200001c6   0x00000002   PAD
    0x200001c8   0x00000008   Data   RW         7233    .data               x_nucleo_iks01a1.o
    0x200001d0   0x0000000c   Data   RW         7496    .data               stm32f4xx_cannon_v2.o
    0x200001dc   0x00000014   Data   RW         7658    .data               system_stm32f4xx.o
    0x200001f0   0x00000004   Data   RW         8049    .data               mc_w.l(stdout.o)
    0x200001f4   0x00000004   Data   RW         8059    .data               mc_w.l(errno.o)
    0x200001f8   0x00000014   Zero   RW          431    .bss                bluenrg_sdk_api.o
    0x2000020c   0x00000200   Zero   RW          551    .bss                dispatch.o
    0x2000040c   0x00000020   Zero   RW          627    .bss                stm32f401_lp_mode.o
    0x2000042c   0x00000058   Zero   RW         5834    .bss                stm32_bluenrg_ble.o
    0x20000484   0x000002bc   Zero   RW         6565    .bss                hci.o
    0x20000740   0x00000040   Zero   RW         7127    .bss                stm32f4xx_hal_msp.o
    0x20000780   0x00000094   Zero   RW         7232    .bss                x_nucleo_iks01a1.o
    0x20000814   0x00000004   PAD
    0x20000818   0x00000400   Zero   RW         7646    STACK               startup_stm32f401xe.o


==============================================================================

Image component sizes


      Code (inc. data)   RO Data    RW Data    ZI Data      Debug   Object Name

       680        100          0         15          0     323022   app.o
       540          0          0          0          0       4281   bluenrg_gap_aci.o
       686          0          0          0          0       5695   bluenrg_gatt_aci.o
       212          0          0          0          0       2513   bluenrg_hal_aci.o
        10          0          0          0          0        581   bluenrg_interface.o
      1088        206          0         49         20      10839   bluenrg_sdk_api.o
         8          0          4          0          0       1528   clock.o
        76          0          0          0          0        673   cube_hal_f4.o
       486         54          0         24        512       5696   dispatch.o
        44          0          0          0          0       2615   gp_timer.o
      1050         64          0         19        700      32599   hci.o
      1538        106          0         80          0       6876   hts221.o
       640         18          0          0          0       7820   juma_sensor.o
        92          0          0          0          0       3917   list.o
       692         46          0         61          0       6954   lps25h.o
       700         48          0         61          0       7025   lps25hb.o
        40          0          0          0          0      21513   lsm303agr.o
       264          0          0          0          0       4532   lsm303agr_mag_driver.o
      3518        220          0         88          0      26380   lsm6ds3.o
       178         22          0         12          0       4473   main.o
        40          0          0          0          0       1340   osal.o
        36          8        404          0       1024        884   startup_stm32f401xe.o
      1172        106          0          0         88      10293   stm32_bluenrg_ble.o
       422         28          0          0         32       4420   stm32f401_lp_mode.o
       136         22          5         12          0       2756   stm32f4xx_cannon_v2.o
       152         16          0          4          0       4980   stm32f4xx_hal.o
       326         28          0          0          0      31573   stm32f4xx_hal_cortex.o
       528         36          0          0          0       4539   stm32f4xx_hal_gpio.o
      2038         36          0          0          0      10032   stm32f4xx_hal_i2c.o
       328         30         77          0         64       4842   stm32f4xx_hal_msp.o
        64         10          0          0          0        668   stm32f4xx_hal_pwr.o
        24          4          0          0          0        589   stm32f4xx_hal_pwr_ex.o
      2396         78         16          0          0       7683   stm32f4xx_hal_rcc.o
       424         22          0          0          0       1560   stm32f4xx_hal_rcc_ex.o
      1096         24          0          0          0       7570   stm32f4xx_hal_rtc.o
       448         10          0          0          0       3006   stm32f4xx_hal_rtc_ex.o
      1262          0          0          0          0       3749   stm32f4xx_hal_spi.o
      1148         10          0          0          0       3988   stm32f4xx_hal_uart.o
        82         16          0          5          0       5346   stm32xx_it.o
       100         18          0         20          0       1381   system_stm32f4xx.o
       968         44          0          8        148      20875   x_nucleo_iks01a1.o
       224         32          0          5          0       3402   x_nucleo_iks01a1_hum_temp.o
       368         42          0          6          0       3559   x_nucleo_iks01a1_imu_6axes.o
       460         38          0          6          0       2988   x_nucleo_iks01a1_pressure.o

    ----------------------------------------------------------------------
     26830       1542        548        496       2592     621555   Object Totals
         0          0         32          0          0          0   (incl. Generated)
        46          0         10         21          4          0   (incl. Padding)

    ----------------------------------------------------------------------

      Code (inc. data)   RO Data    RW Data    ZI Data      Debug   Library Member Name

       164         44          0          0          0        620   dunder.o
        24          0          0          0          0        124   fabs.o
        48          0          0          0          0        124   fpclassify.o
       248          0          0          0          0        152   poly.o
      3128        302        136          0          0        356   pow.o
         0          0          8          0          0          0   qnan.o
       110          0          0          0          0        148   sqrt.o
        86          0          0          0          0          0   __dczerorl2.o
         0          0          0          0          0          0   entry.o
         0          0          0          0          0          0   entry10a.o
         0          0          0          0          0          0   entry11a.o
         8          4          0          0          0          0   entry2.o
         4          0          0          0          0          0   entry5.o
         0          0          0          0          0          0   entry7b.o
         0          0          0          0          0          0   entry8b.o
         8          4          0          0          0          0   entry9a.o
        12          6          0          4          0         68   errno.o
        30          0          0          0          0          0   handlers.o
        36          8          0          0          0         68   init.o
         0          0          0          0          0          0   iusefp.o
        30          0          0          0          0         68   llshl.o
        36          0          0          0          0         68   llsshr.o
        32          0          0          0          0         68   llushr.o
        40          0          0          0          0         76   memcpy.o
        36          0          0          0          0        108   memseta.o
        50          8          0          0          0        152   printfb.o
         0          0          0          4          0          0   stdout.o
        14          0          0          0          0         68   strlen.o
        48          0          0          0          0         68   cdrcmple.o
        56          0          0          0          0         88   d2f.o
       334          0          0          0          0        148   dadd.o
       222          0          0          0          0        100   ddiv.o
       186          0          0          0          0        176   depilogue.o
        62          0          0          0          0         80   dfixi.o
        50          0          0          0          0         76   dfixui.o
        34          0          0          0          0         76   dflti.o
       228          0          0          0          0         96   dmul.o
        46          0          0          0          0         80   dscalb.o
       162          0          0          0          0        100   dsqrt.o
        38          0          0          0          0         68   f2d.o
       110          0          0          0          0        168   fepilogue.o

    ----------------------------------------------------------------------
      5734        376        144          8          0       3592   Library Totals
        14          0          0          0          0          0   (incl. Padding)

    ----------------------------------------------------------------------

      Code (inc. data)   RO Data    RW Data    ZI Data      Debug   Library Name

      3722        346        144          0          0       1524   m_wm.l
       422         30          0          8          0        744   mc_w.l
      1576          0          0          0          0       1324   mf_w.l

    ----------------------------------------------------------------------
      5734        376        144          8          0       3592   Library Totals

    ----------------------------------------------------------------------

==============================================================================


      Code (inc. data)   RO Data    RW Data    ZI Data      Debug   

     32564       1918        692        504       2592     596791   Grand Totals
     32564       1918        692        228       2592     596791   ELF Image Totals (compressed)
     32564       1918        692        228          0          0   ROM Totals

==============================================================================

    Total RO  Size (Code + RO Data)                33256 (  32.48kB)
    Total RW  Size (RW Data + ZI Data)              3096 (   3.02kB)
    Total ROM Size (Code + RO Data + RW Data)      33484 (  32.70kB)

==============================================================================

